Archive member included because of file (symbol)

D:\software_xqy\CCore_IDE/tool-chain/ccore-elf/lib/gcc/mcore-elf/4.6.0/c0_div\libgcc.a(_addsub_df.o)
                              ./src/common/debug.o (__adddf3)
D:\software_xqy\CCore_IDE/tool-chain/ccore-elf/lib/gcc/mcore-elf/4.6.0/c0_div\libgcc.a(_mul_df.o)
                              ./src/common/debug.o (__muldf3)
D:\software_xqy\CCore_IDE/tool-chain/ccore-elf/lib/gcc/mcore-elf/4.6.0/c0_div\libgcc.a(_div_df.o)
                              ./src/common/debug.o (__divdf3)
D:\software_xqy\CCore_IDE/tool-chain/ccore-elf/lib/gcc/mcore-elf/4.6.0/c0_div\libgcc.a(_eq_df.o)
                              ./src/common/debug.o (__eqdf2)
D:\software_xqy\CCore_IDE/tool-chain/ccore-elf/lib/gcc/mcore-elf/4.6.0/c0_div\libgcc.a(_ne_df.o)
                              ./src/common/debug.o (__nedf2)
D:\software_xqy\CCore_IDE/tool-chain/ccore-elf/lib/gcc/mcore-elf/4.6.0/c0_div\libgcc.a(_gt_df.o)
                              ./src/common/debug.o (__gtdf2)
D:\software_xqy\CCore_IDE/tool-chain/ccore-elf/lib/gcc/mcore-elf/4.6.0/c0_div\libgcc.a(_lt_df.o)
                              ./src/common/debug.o (__ltdf2)
D:\software_xqy\CCore_IDE/tool-chain/ccore-elf/lib/gcc/mcore-elf/4.6.0/c0_div\libgcc.a(_si_to_df.o)
                              ./src/moddev/lcd/dev_lcd.o (__floatsidf)
D:\software_xqy\CCore_IDE/tool-chain/ccore-elf/lib/gcc/mcore-elf/4.6.0/c0_div\libgcc.a(_df_to_si.o)
                              ./src/moddev/lcd/dev_lcd.o (__fixdfsi)
D:\software_xqy\CCore_IDE/tool-chain/ccore-elf/lib/gcc/mcore-elf/4.6.0/c0_div\libgcc.a(_thenan_df.o)
                              D:\software_xqy\CCore_IDE/tool-chain/ccore-elf/lib/gcc/mcore-elf/4.6.0/c0_div\libgcc.a(_addsub_df.o) (__thenan_df)
D:\software_xqy\CCore_IDE/tool-chain/ccore-elf/lib/gcc/mcore-elf/4.6.0/c0_div\libgcc.a(_muldi3.o)
                              D:\software_xqy\CCore_IDE/tool-chain/ccore-elf/lib/gcc/mcore-elf/4.6.0/c0_div\libgcc.a(_mul_df.o) (__muldi3)
D:\software_xqy\CCore_IDE/tool-chain/ccore-elf/lib/gcc/mcore-elf/4.6.0/c0_div\libgcc.a(_clzsi2.o)
                              D:\software_xqy\CCore_IDE/tool-chain/ccore-elf/lib/gcc/mcore-elf/4.6.0/c0_div\libgcc.a(_si_to_df.o) (__clzsi2)
D:\software_xqy\CCore_IDE/tool-chain/ccore-elf/lib/gcc/mcore-elf/4.6.0/c0_div\libgcc.a(_pack_df.o)
                              D:\software_xqy\CCore_IDE/tool-chain/ccore-elf/lib/gcc/mcore-elf/4.6.0/c0_div\libgcc.a(_addsub_df.o) (__pack_d)
D:\software_xqy\CCore_IDE/tool-chain/ccore-elf/lib/gcc/mcore-elf/4.6.0/c0_div\libgcc.a(_unpack_df.o)
                              D:\software_xqy\CCore_IDE/tool-chain/ccore-elf/lib/gcc/mcore-elf/4.6.0/c0_div\libgcc.a(_addsub_df.o) (__unpack_d)
D:\software_xqy\CCore_IDE/tool-chain/ccore-elf/lib/gcc/mcore-elf/4.6.0/c0_div\libgcc.a(_fpcmp_parts_df.o)
                              D:\software_xqy\CCore_IDE/tool-chain/ccore-elf/lib/gcc/mcore-elf/4.6.0/c0_div\libgcc.a(_eq_df.o) (__fpcmp_parts_d)
D:\software_xqy\CCore_IDE/tool-chain/ccore-elf/lib/gcc/mcore-elf/4.6.0/c0_div\libgcc.a(_lshrdi3.o)
                              D:\software_xqy\CCore_IDE/tool-chain/ccore-elf/lib/gcc/mcore-elf/4.6.0/c0_div\libgcc.a(_pack_df.o) (__lshrdi3)
D:\software_xqy\CCore_IDE/tool-chain/ccore-elf/lib/gcc/mcore-elf/4.6.0/c0_div\libgcc.a(_ashldi3.o)
                              D:\software_xqy\CCore_IDE/tool-chain/ccore-elf/lib/gcc/mcore-elf/4.6.0/c0_div\libgcc.a(_pack_df.o) (__ashldi3)
D:\software_xqy\CCore_IDE/tool-chain/ccore-elf/lib/gcc/mcore-elf/4.6.0/c0_div\libgcc.a(_clz.o)
                              D:\software_xqy\CCore_IDE/tool-chain/ccore-elf/lib/gcc/mcore-elf/4.6.0/c0_div\libgcc.a(_clzsi2.o) (__clz_tab)
D:\software_xqy\CCore_IDE/tool-chain/ccore-elf/mcore-elf/lib/c0_div\libc.a(lib_a-abort.o)
                              ./src/common/debug.o (abort)
D:\software_xqy\CCore_IDE/tool-chain/ccore-elf/mcore-elf/lib/c0_div\libc.a(lib_a-memcmp.o)
                              ./src/moddev/bt_update/bt_update.o (memcmp)
D:\software_xqy\CCore_IDE/tool-chain/ccore-elf/mcore-elf/lib/c0_div\libc.a(lib_a-memset.o)
                              ./src/sysbus/usb/drv_usb.o (memset)
D:\software_xqy\CCore_IDE/tool-chain/ccore-elf/mcore-elf/lib/c0_div\libc.a(lib_a-s_modf.o)
                              ./src/common/debug.o (modf)
D:\software_xqy\CCore_IDE/tool-chain/ccore-elf/mcore-elf/lib/c0_div\libc.a(lib_a-signal.o)
                              D:\software_xqy\CCore_IDE/tool-chain/ccore-elf/mcore-elf/lib/c0_div\libc.a(lib_a-abort.o) (raise)
D:\software_xqy\CCore_IDE/tool-chain/ccore-elf/mcore-elf/lib/c0_div\libc.a(lib_a-signalr.o)
                              D:\software_xqy\CCore_IDE/tool-chain/ccore-elf/mcore-elf/lib/c0_div\libc.a(lib_a-signal.o) (_kill_r)
D:\software_xqy\CCore_IDE/tool-chain/ccore-elf/mcore-elf/lib/c0_div\libc.a(lib_a-strcat.o)
                              ./src/fs/xgdfs/fs_test.o (strcat)
D:\software_xqy\CCore_IDE/tool-chain/ccore-elf/mcore-elf/lib/c0_div\libc.a(lib_a-strcmp.o)
[...]
Memory Configuration

Name             Origin             Length             Attributes
rom              0x00000000         0x00008000
eflash0          0x0040a000         0x00000200
eflash1          0x0040a200         0x00000600
eflash           0x0040a800         0x00028400
ram              0x00800000         0x0000b000
*default*        0x00000000         0xffffffff

Linker script and memory map

                0x0080e000                STACK_LOCATION = 0x80e000

.text_entry     0x0040a000      0x100
                0x0040a000                VECTOR_LOCATION = .
 *vector_table.o(.rodata*)
 .rodata        0x0040a000      0x100 ./src/ccore/vector_table.o
                0x0040a000                VecTable

.crt0           0x0040a100       0x4c
 *crt0.o(.text)
 .text          0x0040a100       0x4c ./src/ccore/crt0.o
                0x0040a100                __start
                0x0040a132                exit

.eflash_addr    0x0040a200      0x40c
 *(.rodata.core_api)
 .rodata.core_api
                0x0040a200      0x40c ./src/api/dev_api.o
                0x0040a200                core_api

.rodata         0x0040a800     0x66fb
 *(.rodata*)
 .rodata        0x0040a800        0xc ./src/sysdrv/rtc/RTC.o
 .rodata.str1.4
                0x0040a80c       0x22 ./src/sysdev/usb/dev_usb.o
 *fill*         0x0040a82e        0x2 00
 .rodata        0x0040a830       0x12 ./src/sysdev/usb/dev_usb.o
                0x0040a830                usb_version
 *fill*         0x0040a842        0x2 00
 .rodata.str1.4
                0x0040a844       0x59 ./src/sysdev/rtc/dev_rtc.o
 *fill*         0x0040a89d        0x3 00
 .rodata.str1.4
                0x0040a8a0       0x1d ./src/sysdev/flash/dev_flash.o
 *fill*         0x0040a8bd        0x3 00
 .rodata.str1.4
                0x0040a8c0        0xa ./src/sysdev/adc/dev_adc.o
 *fill*         0x0040a8ca        0x2 00
 .rodata        0x0040a8cc       0x74 ./src/sysbus/usb/drv_usb.o
                0x0040a8f4                StringDescLen
                0x0040a8f8                String3_iSerialNumber
                0x0040a918                String2_iProduct
                0x0040a92c                String1_iManufacturer
                0x0040a93c                String0_LangID
 .rodata.str1.4
                0x0040a940       0x1d ./src/sysbus/spi/SPI_MASTER.o
 *fill*         0x0040a95d        0x3 00
 .rodata.str1.4
                0x0040a960       0x1a ./src/sysbus/gpio/gpio.o
 *fill*         0x0040a97a        0x2 00
 .rodata        0x0040a97c      0x2f8 ./src/sysbus/gpio/gpio.o
 .rodata        0x0040ac74      0x3fc ./src/security/key/key_dbg.o
                0x0040ac74                fangqieji_pk_release
                0x0040ad98                g_dbg_root_public_key
 .rodata.str1.4
                0x0040b070       0xd0 ./src/security/app/ex_func.o
 .rodata        0x0040b140       0x2e ./src/security/app/ex_func.o
 *fill*         0x0040b16e        0x2 00
 .rodata.str1.4
                0x0040b170       0x17 ./src/security/app/pci_func.o
 *fill*         0x0040b187        0x1 00
 .rodata.str1.4
                0x0040b188       0x6f ./src/security/app/protocol.o
 *fill*         0x0040b1f7        0x1 00
 .rodata        0x0040b1f8       0x39 ./src/security/app/protocol.o
 *fill*         0x0040b231        0x3 00
 .rodata.str1.4
                0x0040b234       0x2a ./src/security/app/rootkey.o
 *fill*         0x0040b25e        0x2 00
 .rodata.str1.4
                0x0040b260       0x92 ./src/security/app/sd_tamper.o
 *fill*         0x0040b2f2        0x2 00
 .rodata        0x0040b2f4       0x14 ./src/security/app/sd_tamper.o
                0x0040b304                gFACTORY_SUPPORT
 .rodata.str1.4
                0x0040b308       0x34 ./src/moddrv/power/drv_power.o
 .rodata        0x0040b33c       0x20 ./src/moddrv/power/drv_power.o
 .rodata.str1.4
                0x0040b35c       0x3a ./src/moddrv/magcard/drv_magcard.o
 *fill*         0x0040b396        0x2 00
 .rodata.str1.4
                0x0040b398       0x49 ./src/moddrv/magcard/mcc_adc.o
 *fill*         0x0040b3e1        0x3 00
 .rodata        0x0040b3e4        0xd ./src/moddrv/magcard/mcc_adc.o
 *fill*         0x0040b3f1        0x3 00
 .rodata        0x0040b3f4      0xaa8 ./src/moddrv/lcd/drv_lcd_font_data.o
                0x0040b3f4                ascii_12_6
                0x0040b88c                ascii_16_8
 .rodata.str1.4
                0x0040be9c       0x2e ./src/moddev/power/dev_power.o
 *fill*         0x0040beca        0x2 00
 .rodata        0x0040becc       0x1c ./src/moddev/power/dev_power.o
 .rodata.str1.4
                0x0040bee8       0x13 ./src/moddev/magcard/ddi_magcard.o
 *fill*         0x0040befb        0x1 00
 .rodata        0x0040befc        0xe ./src/moddev/magcard/ddi_magcard.o
 *fill*         0x0040bf0a        0x2 00
 .rodata.str1.4
                0x0040bf0c       0x12 ./src/moddev/magcard/dev_magcard.o
 *fill*         0x0040bf1e        0x2 00
 .rodata.str1.4
                0x0040bf20       0x25 ./src/moddev/lcd/dev_lcd.o
 *fill*         0x0040bf45        0x3 00
 .rodata        0x0040bf48       0x2c ./src/moddev/lcd/dev_lcd.o
 .rodata.str1.4
                0x0040bf74        0xc ./src/moddev/keyboard/dev_key.o
 .rodata        0x0040bf80       0x19 ./src/moddev/keyboard/dev_key.o
                0x0040bf80                FUNC_KEY_TABLE1
 *fill*         0x0040bf99        0x3 00
 .rodata.str1.4
                0x0040bf9c       0xb0 ./src/moddev/bt_update/bt_update.o
 .rodata        0x0040c04c       0xe0 ./src/moddev/bt_update/bt_update.o
                0x0040c084                CanDownFileStore
 .rodata.str1.4
                0x0040c12c       0x8c ./src/main/main.o
 .rodata.str1.4
                0x0040c1b8      0x84c ./src/main/test.o
 .rodata        0x0040ca04      0x400 ./src/fun/dev_maths.o
                0x0040ca04                CRC32TAB
 .rodata.str1.4
                0x0040ce04       0x1f ./src/fs/fs_vs.o
 *fill*         0x0040ce23        0x1 00
 .rodata        0x0040ce24       0x85 ./src/fs/fs_vs.o
                0x0040ce24                apppara
                0x0040ce3c                securtkey
                0x0040ce50                serialnum
                0x0040ce70                csrkey
                0x0040ce84                skkey
                0x0040ce98                vfs_ver
 *fill*         0x0040cea9        0x3 00
 .rodata        0x0040ceac      0x1b1 ./src/drv/alg_drv.o
                0x0040cec8                charCoefficientB
                0x0040cf0c                charCoefficientA
                0x0040cf50                charPrimeP
                0x0040cf94                charPrimeN
                0x0040cfd8                charGy
                0x0040d01c                charGx
 *fill*         0x0040d05d        0x3 00
 .rodata.str1.4
                0x0040d060       0x41 ./src/drv/cpm_drv.o
 *fill*         0x0040d0a1        0x3 00
 .rodata        0x0040d0a4       0x10 ./src/drv/dmac_drv.o
 .rodata.str1.4
                0x0040d0b4       0x16 ./src/drv/edma_drv.o
 *fill*         0x0040d0ca        0x2 00
 .rodata.str1.4
                0x0040d0cc      0x1d7 ./src/drv/eport_drv.o
 *fill*         0x0040d2a3        0x1 00
 .rodata        0x0040d2a4       0x14 ./src/drv/eport_drv.o
 .rodata.str1.4
                0x0040d2b8       0x54 ./src/drv/i2c_drv.o
 .rodata.str1.4
                0x0040d30c       0x17 ./src/drv/pit32_drv.o
 *fill*         0x0040d323        0x1 00
 .rodata.str1.4
                0x0040d324       0x15 ./src/drv/pit_drv.o
 *fill*         0x0040d339        0x3 00
 .rodata.str1.4
                0x0040d33c      0x145 ./src/drv/pwm_drv.o
 *fill*         0x0040d481        0x3 00
 .rodata.str1.4
                0x0040d484       0x7e ./src/drv/rtc_drv.o
 *fill*         0x0040d502        0x2 00
 .rodata        0x0040d504       0x14 ./src/drv/rtc_drv.o
 .rodata.str1.4
                0x0040d518       0x15 ./src/drv/spi_drv.o
 *fill*         0x0040d52d        0x3 00
 .rodata.str1.4
                0x0040d530       0x27 ./src/drv/tc_drv.o
 *fill*         0x0040d557        0x1 00
 .rodata.str1.4
                0x0040d558       0x15 ./src/drv/usi_drv.o
 *fill*         0x0040d56d        0x3 00
 .rodata.str1.4
                0x0040d570       0x98 ./src/common/alloc.o
 .rodata.str1.4
                0x0040d608       0x95 ./src/common/debug.o
 *fill*         0x0040d69d        0x3 00
 .rodata        0x0040d6a0       0x28 ./src/common/debug.o
 .rodata.str1.4
                0x0040d6c8       0xf8 ./src/common/download.o
 .rodata        0x0040d7c0       0xc8 ./src/common/download.o
                0x0040d868                connected
                0x0040d878                connecting
 .rodata        0x0040d888       0x32 ./src/common/misc.o
                0x0040d8a0                SecurityVersion
                0x0040d8a8                CoreVersion
 *fill*         0x0040d8ba        0x2 00
 .rodata.str1.4
                0x0040d8bc        0xa ./src/common/misc.o
 *fill*         0x0040d8c6        0x2 00
 .rodata        0x0040d8c8      0x144 ./src/common/syscfg.o
                0x0040d8e8                FLashFileLenDef
 .rodata.str1.4
                0x0040da0c       0x1f ./src/common/syscfg.o
 *fill*         0x0040da2b        0x1 00
 .rodata        0x0040da2c       0x90 ./src/common/update.o
                0x0040da2c                name_array
 .rodata        0x0040dabc       0x70 ./src/ccore/interrupt.o
 .rodata.str1.4
                0x0040db2c       0x21 ./src/ccore/vector_rce.o
 *fill*         0x0040db4d        0x3 00
 .rodata        0x0040db50       0x60 ./src/ccore/vector_rce.o
 .rodata        0x0040dbb0       0x18 D:\software_xqy\CCore_IDE/tool-chain/ccore-elf/lib/gcc/mcore-elf/4.6.0/c0_div\libgcc.a(_mul_df.o)
 .rodata        0x0040dbc8        0x8 D:\software_xqy\CCore_IDE/tool-chain/ccore-elf/lib/gcc/mcore-elf/4.6.0/c0_div\libgcc.a(_div_df.o)
 .rodata        0x0040dbd0        0x8 D:\software_xqy\CCore_IDE/tool-chain/ccore-elf/lib/gcc/mcore-elf/4.6.0/c0_div\libgcc.a(_si_to_df.o)
 .rodata        0x0040dbd8       0x14 D:\software_xqy\CCore_IDE/tool-chain/ccore-elf/lib/gcc/mcore-elf/4.6.0/c0_div\libgcc.a(_thenan_df.o)
                0x0040dbd8                __thenan_df
 .rodata        0x0040dbec       0x18 D:\software_xqy\CCore_IDE/tool-chain/ccore-elf/lib/gcc/mcore-elf/4.6.0/c0_div\libgcc.a(_pack_df.o)
 .rodata        0x0040dc04       0x18 D:\software_xqy\CCore_IDE/tool-chain/ccore-elf/lib/gcc/mcore-elf/4.6.0/c0_div\libgcc.a(_unpack_df.o)
 .rodata        0x0040dc1c      0x100 D:\software_xqy\CCore_IDE/tool-chain/ccore-elf/lib/gcc/mcore-elf/4.6.0/c0_div\libgcc.a(_clz.o)
                0x0040dc1c                __clz_tab
 .rodata.str1.4
                0x0040dd1c        0x2 D:\software_xqy\CCore_IDE/tool-chain/ccore-elf/mcore-elf/lib/c0_div\libc.a(lib_a-impure.o)
 *fill*         0x0040dd1e        0x2 00
 .rodata.str1.4
                0x0040dd20       0x1a D:\software_xqy\CCore_IDE/tool-chain/ccore-elf/mcore-elf/lib/c0_div\libcmb.a(sbrk.o)
 *fill*         0x0040dd3a        0x2 00
 .rodata        0x0040dd3c       0x20 D:\work\k205_gx\K205_360S\CORE\src\drv\libCUni360S_mcc.a(mcc_decode.o)
 .rodata.str1.4
                0x0040dd5c       0x55 D:\work\k205_gx\K205_360S\CORE\src\drv\libCUni360S_mcc.a(mcc_lib.o)
 *fill*         0x0040ddb1        0x3 00
 .rodata.str1.4
                0x0040ddb4       0xcd D:\work\k205_gx\K205_360S\CORE\src\security\hal\libcpuhal.a(cpuhal.o)
 *fill*         0x0040de81        0x3 00
 .rodata.str1.4
                0x0040de84      0x1aa D:\work\k205_gx\K205_360S\CORE\src\security\hal\libcpuhal.a(pci_drv.o)
 *fill*         0x0040e02e        0x2 00
 .rodata.str1.4
                0x0040e030      0x132 D:\work\k205_gx\K205_360S\CORE\src\security\sec_datastore\libsecstore.a(dev_secstore_key.o)
 *fill*         0x0040e162        0x2 00
 .rodata        0x0040e164       0xe4 D:\work\k205_gx\K205_360S\CORE\src\security\sec_datastore\libsecstore.a(dev_secstore_key.o)
                0x0040e164                g_dataConfigTab
                0x0040e1dc                g_keyConfigTab
 .rodata        0x0040e248       0x38 D:\work\k205_gx\K205_360S\CORE\src\moddev\rfcard_mh1608\libnfc.a(ddi_rfcard_mh1608.o)
 .rodata        0x0040e280       0x52 D:\work\k205_gx\K205_360S\CORE\src\moddev\rfcard_mh1608\libnfc.a(dev_rfcard_mh1608.o)
                0x0040e2c0                g_u16FscFsdTab
 *fill*         0x0040e2d2        0x2 00
 .rodata.str1.4
                0x0040e2d4       0x60 D:\work\k205_gx\K205_360S\CORE\src\moddev\rfcard_mh1608\libnfc.a(drv_rfcard_mh1608.o)
 .rodata        0x0040e334      0x100 D:\work\k205_gx\K205_360S\CORE\src\moddev\rfcard_mh1608\libnfc.a(drv_rfcard_mh1608.o)
                0x0040e334                crc8_tab
 .rodata.str1.4
                0x0040e434      0x184 D:\work\k205_gx\K205_360S\CORE\src\moddev\iccard\libicc.a(dev_iccard.o)
 .rodata        0x0040e5b8       0x45 D:\work\k205_gx\K205_360S\CORE\src\moddev\iccard\libicc.a(dev_iccard.o)
 *fill*         0x0040e5fd        0x3 00
 .rodata.str1.4
                0x0040e600       0x27 D:\work\k205_gx\K205_360S\CORE\src\moddev\iccard\libicc.a(drv_iccard.o)
 *fill*         0x0040e627        0x1 00
 .rodata        0x0040e628       0x40 D:\work\k205_gx\K205_360S\CORE\src\moddev\iccard\libicc.a(drv_iccard.o)
                0x0040e628                ___F_Integer
 .rodata        0x0040e668       0x5e D:\work\k205_gx\K205_360S\CORE\src\moddev\bluetooth\libbt_lib.a(dev_bt_api.o)
                0x0040e6b4                BTVersion
 *fill*         0x0040e6c6        0x2 00
 .rodata.str1.4
                0x0040e6c8       0x15 D:\work\k205_gx\K205_360S\CORE\src\moddev\bluetooth\libbt_lib.a(yc1021.o)
 *fill*         0x0040e6dd        0x3 00
 .rodata        0x0040e6e0     0x281b D:\work\k205_gx\K205_360S\CORE\src\moddev\bluetooth\libbt_lib.a(yc1021.o)
                0x0040e754                bd_mac_default
                0x0040e75c                yc_patch

.text           0x00410efc    0x1c60c
 *(.text*)
 .text.PIT_SPI3_ISR
                0x00410efc       0x2c ./src/sysdrv/timer/timer.o
                0x00410efc                PIT_SPI3_ISR
 .text.PIT32_SPI1_SPI2_ISR
                0x00410f28       0x2c ./src/sysdrv/timer/timer.o
                0x00410f28                PIT32_SPI1_SPI2_ISR
 .text.TimerEnable
                0x00410f54       0x34 ./src/sysdrv/timer/timer.o
                0x00410f54                TimerEnable
 .text.TimerInit
                0x00410f88       0x2c ./src/sysdrv/timer/timer.o
                0x00410f88                TimerInit
 .text.TimerDeinit
                0x00410fb4       0x38 ./src/sysdrv/timer/timer.o
                0x00410fb4                TimerDeinit
 .text.isleap   0x00410fec       0x4c ./src/sysdrv/rtc/RTC.o
 .text.dev_get_time
                0x00411038      0x114 ./src/sysdrv/rtc/RTC.o
                0x00411038                dev_get_time
 .text.dev_set_time
                0x0041114c       0xdc ./src/sysdrv/rtc/RTC.o
                0x0041114c                dev_set_time
 .text.dev_set_alarmtime
                0x00411228       0xe4 ./src/sysdrv/rtc/RTC.o
                0x00411228                dev_set_alarmtime
 .text.batRTCAlarm_YMDHMS
                0x0041130c       0x2c ./src/sysdrv/rtc/RTC.o
                0x0041130c                batRTCAlarm_YMDHMS
 .text.EFLASH_Init
                0x00411338       0x14 ./src/sysdrv/flash/flash.o
                0x00411338                EFLASH_Init
 .text.EFLASH_ByteRead
                0x0041134c        0x4 ./src/sysdrv/flash/flash.o
                0x0041134c                EFLASH_ByteRead
 .text.EFLASH_PageErase
                0x00411350       0x30 ./src/sysdrv/flash/flash.o
                0x00411350                EFLASH_PageErase
 .text.EFLASH_WordsProg
                0x00411380       0x3c ./src/sysdrv/flash/flash.o
                0x00411380                EFLASH_WordsProg
 .text.EPT_Init
                0x004113bc       0x2c ./src/sysdrv/SysTick/systick.o
                0x004113bc                EPT_Init
 .text.EPT_Start
                0x004113e8       0x10 ./src/sysdrv/SysTick/systick.o
                0x004113e8                EPT_Start
 .text.EPT_Stop
                0x004113f8       0x10 ./src/sysdrv/SysTick/systick.o
                0x004113f8                EPT_Stop
 .text.EPT_ISR  0x00411408       0x1c ./src/sysdrv/SysTick/systick.o
                0x00411408                EPT_ISR
 .text.GetTimeTick
                0x00411424        0xc ./src/sysdrv/SysTick/systick.o
                0x00411424                GetTimeTick
 .text.DelayMs  0x00411430       0x1c ./src/sysdrv/SysTick/systick.o
                0x00411430                DelayMs
 .text.dev_wdg_open
                0x0041144c       0x2c ./src/sysdev/wdt/dev_wdt.o
                0x0041144c                dev_wdg_open
 .text.dev_wdg_close
                0x00411478       0x20 ./src/sysdev/wdt/dev_wdt.o
                0x00411478                dev_wdg_close
 .text.dev_wdg_feed
                0x00411498       0x1c ./src/sysdev/wdt/dev_wdt.o
                0x00411498                dev_wdg_feed
 .text.usb_buf_put.constprop.2
                0x004114b4       0x6c ./src/sysdev/usb/dev_usb.o
 .text.usb_buf_fill
                0x00411520       0x38 ./src/sysdev/usb/dev_usb.o
                0x00411520                usb_buf_fill
 .text.ddi_usb_open
                0x00411558       0x68 ./src/sysdev/usb/dev_usb.o
                0x00411558                ddi_usb_open
 .text.ddi_usb_close
                0x004115c0       0x48 ./src/sysdev/usb/dev_usb.o
                0x004115c0                ddi_usb_close
 .text.ddi_usb_read
                0x00411608       0xfc ./src/sysdev/usb/dev_usb.o
                0x00411608                ddi_usb_read
 .text.ddi_usb_write
                0x00411704       0x4c ./src/sysdev/usb/dev_usb.o
                0x00411704                ddi_usb_write
 .text.ddi_usb_ioctl
                0x00411750       0x7c ./src/sysdev/usb/dev_usb.o
                0x00411750                ddi_usb_ioctl
 .text.dev_com_open
                0x004117cc       0x38 ./src/sysdev/uart/dev_uart.o
                0x004117cc                dev_com_open
 .text.dev_com_close
                0x00411804       0x2c ./src/sysdev/uart/dev_uart.o
                0x00411804                dev_com_close
 .text.dev_com_read
                0x00411830       0x34 ./src/sysdev/uart/dev_uart.o
                0x00411830                dev_com_read
 .text.dev_com_write
                0x00411864       0x34 ./src/sysdev/uart/dev_uart.o
                0x00411864                dev_com_write
 .text.ddi_com_open
                0x00411898       0x14 ./src/sysdev/uart/dev_uart.o
                0x00411898                ddi_com_open
 .text.ddi_com_close
                0x004118ac       0x14 ./src/sysdev/uart/dev_uart.o
                0x004118ac                ddi_com_close
 .text.ddi_com_clear
                0x004118c0       0x14 ./src/sysdev/uart/dev_uart.o
                0x004118c0                ddi_com_clear
 .text.ddi_com_read
                0x004118d4       0x14 ./src/sysdev/uart/dev_uart.o
                0x004118d4                ddi_com_read
 .text.ddi_com_write
                0x004118e8       0x14 ./src/sysdev/uart/dev_uart.o
                0x004118e8                ddi_com_write
 .text.ddi_com_ioctl
                0x004118fc        0x4 ./src/sysdev/uart/dev_uart.o
                0x004118fc                ddi_com_ioctl
 .text.dev_timer_open
                0x00411900       0x20 ./src/sysdev/time/dev_time.o
                0x00411900                dev_timer_open
 .text.dev_timer_close
                0x00411920       0x30 ./src/sysdev/time/dev_time.o
                0x00411920                dev_timer_close
 .text.dev_timer_enable
                0x00411950       0x30 ./src/sysdev/time/dev_time.o
                0x00411950                dev_timer_enable
 .text.dev_timer_config
                0x00411980       0x50 ./src/sysdev/time/dev_time.o
                0x00411980                dev_timer_config
 .text.dev_timer_set_irq
                0x004119d0       0x20 ./src/sysdev/time/dev_time.o
                0x004119d0                dev_timer_set_irq
 .text.dev_timer_free_irq
                0x004119f0       0x14 ./src/sysdev/time/dev_time.o
                0x004119f0                dev_timer_free_irq
 .text.dev_get_timeID
                0x00411a04       0x10 ./src/sysdev/time/dev_time.o
                0x00411a04                dev_get_timeID
 .text.sys_get_systick
                0x00411a14       0x18 ./src/sysdev/time/dev_time.o
                0x00411a14                sys_get_systick
 .text.dev_querry_time
                0x00411a2c       0x24 ./src/sysdev/time/dev_time.o
                0x00411a2c                dev_querry_time
 .text.dev_spimaster_open
                0x00411a50       0x48 ./src/sysdev/spi/dev_spimaster.o
                0x00411a50                dev_spimaster_open
 .text.dev_spimaster_write
                0x00411a98       0x5c ./src/sysdev/spi/dev_spimaster.o
                0x00411a98                dev_spimaster_write
 .text.dev_spimaster_transceive
                0x00411af4       0x64 ./src/sysdev/spi/dev_spimaster.o
                0x00411af4                dev_spimaster_transceive
 .text.JudgeTime
                0x00411b58       0xb8 ./src/sysdev/rtc/dev_rtc.o
 .text.SetTimeAndAlarm
                0x00411c10       0xf0 ./src/sysdev/rtc/dev_rtc.o
 .text.dev_rtc_open
                0x00411d00       0x14 ./src/sysdev/rtc/dev_rtc.o
                0x00411d00                dev_rtc_open
 .text.ddi_sys_get_time
                0x00411d14       0xb8 ./src/sysdev/rtc/dev_rtc.o
                0x00411d14                ddi_sys_get_time
 .text.ddi_sys_set_time
                0x00411dcc       0x14 ./src/sysdev/rtc/dev_rtc.o
                0x00411dcc                ddi_sys_set_time
 .text.ddi_sys_set_alarm
                0x00411de0       0x14 ./src/sysdev/rtc/dev_rtc.o
                0x00411de0                ddi_sys_set_alarm
 .text.RTC_init_first
                0x00411df4       0x60 ./src/sysdev/rtc/dev_rtc.o
                0x00411df4                RTC_init_first
 .text.dev_gpio_open
                0x00411e54       0x74 ./src/sysdev/gpio/dev_gpio.o
                0x00411e54                dev_gpio_open
 .text.dev_gpio_close
                0x00411ec8       0x28 ./src/sysdev/gpio/dev_gpio.o
                0x00411ec8                dev_gpio_close
 .text.dev_gpio_read
                0x00411ef0       0x1c ./src/sysdev/gpio/dev_gpio.o
                0x00411ef0                dev_gpio_read
 .text.dev_gpio_write
                0x00411f0c       0x30 ./src/sysdev/gpio/dev_gpio.o
                0x00411f0c                dev_gpio_write
 .text.dev_flash_read
                0x00411f3c       0x54 ./src/sysdev/flash/dev_flash.o
                0x00411f3c                dev_flash_read
 .text.dev_flash_write
                0x00411f90       0x44 ./src/sysdev/flash/dev_flash.o
                0x00411f90                dev_flash_write
 .text.dev_flash_erase
                0x00411fd4       0x2c ./src/sysdev/flash/dev_flash.o
                0x00411fd4                dev_flash_erase
 .text.dev_flash_write_byte
                0x00412000       0x7c ./src/sysdev/flash/dev_flash.o
                0x00412000                dev_flash_write_byte
 .text.dev_adc_open
                0x0041207c       0x18 ./src/sysdev/adc/dev_adc.o
                0x0041207c                dev_adc_open
 .text.dev_adc_start
                0x00412094       0x1c ./src/sysdev/adc/dev_adc.o
                0x00412094                dev_adc_start
 .text.adc_read
                0x004120b0       0x44 ./src/sysdev/adc/dev_adc.o
                0x004120b0                adc_read
 .text.dev_adc_value
                0x004120f4       0x54 ./src/sysdev/adc/dev_adc.o
                0x004120f4                dev_adc_value
 .text.USB_SoftReset
                0x00412148       0x30 ./src/sysbus/usb/drv_usb.o
                0x00412148                USB_SoftReset
 .text.USB_Connect
                0x00412178       0x10 ./src/sysbus/usb/drv_usb.o
                0x00412178                USB_Connect
 .text.USB_DisConnect
                0x00412188       0x18 ./src/sysbus/usb/drv_usb.o
                0x00412188                USB_DisConnect
 .text.usb_init
                0x004121a0       0xa4 ./src/sysbus/usb/drv_usb.o
                0x004121a0                usb_init
 .text.usb_deinit
                0x00412244       0x1c ./src/sysbus/usb/drv_usb.o
                0x00412244                usb_deinit
 .text.usb_connection_status
                0x00412260        0xc ./src/sysbus/usb/drv_usb.o
                0x00412260                usb_connection_status
 .text.usb_get_attach_status
                0x0041226c        0xc ./src/sysbus/usb/drv_usb.o
                0x0041226c                usb_get_attach_status
 .text.read_ep_buf
                0x00412278       0x1a ./src/sysbus/usb/drv_usb.o
                0x00412278                read_ep_buf
 .text.write_ep_buf
                0x00412292       0x1a ./src/sysbus/usb/drv_usb.o
                0x00412292                write_ep_buf
 .text.SetFIFO_Addr
                0x004122ac       0x48 ./src/sysbus/usb/drv_usb.o
                0x004122ac                SetFIFO_Addr
 .text.ClearRx  0x004122f4       0x18 ./src/sysbus/usb/drv_usb.o
                0x004122f4                ClearRx
 .text.ClearRx2
                0x0041230c       0x24 ./src/sysbus/usb/drv_usb.o
                0x0041230c                ClearRx2
 .text.SetTx    0x00412330       0x10 ./src/sysbus/usb/drv_usb.o
                0x00412330                SetTx
 .text.USBDev_SetTxSize
                0x00412340       0x14 ./src/sysbus/usb/drv_usb.o
                0x00412340                USBDev_SetTxSize
 .text.USBDev_Data_BulkIn
                0x00412354       0x98 ./src/sysbus/usb/drv_usb.o
                0x00412354                USBDev_Data_BulkIn
 .text.write_ep0_buf_notEnd
                0x004123ec       0x30 ./src/sysbus/usb/drv_usb.o
                0x004123ec                write_ep0_buf_notEnd
 .text.usb_send_buffer
                0x0041241c       0x58 ./src/sysbus/usb/drv_usb.o
                0x0041241c                usb_send_buffer
 .text.usb_receive_data
                0x00412474       0x74 ./src/sysbus/usb/drv_usb.o
                0x00412474                usb_receive_data
 .text.usb_get_left_len
                0x004124e8        0xc ./src/sysbus/usb/drv_usb.o
                0x004124e8                usb_get_left_len
 .text.usb_set_left_len
                0x004124f4        0xc ./src/sysbus/usb/drv_usb.o
                0x004124f4                usb_set_left_len
 .text.usb_get_left_buf
                0x00412500        0x8 ./src/sysbus/usb/drv_usb.o
                0x00412500                usb_get_left_buf
 .text.usb_enable_rcv
                0x00412508       0x10 ./src/sysbus/usb/drv_usb.o
                0x00412508                usb_enable_rcv
 .text.USBDev_ReceiveData
                0x00412518       0x64 ./src/sysbus/usb/drv_usb.o
                0x00412518                USBDev_ReceiveData
 .text.usbEp0Tx
                0x0041257c       0x34 ./src/sysbus/usb/drv_usb.o
                0x0041257c                usbEp0Tx
 .text.write_ep0_buf_long
                0x004125b0       0x7c ./src/sysbus/usb/drv_usb.o
                0x004125b0                write_ep0_buf_long
 .text.USBDev_EP0_SendStall
                0x0041262c       0x10 ./src/sysbus/usb/drv_usb.o
                0x0041262c                USBDev_EP0_SendStall
 .text.USBDev_BusReset
                0x0041263c       0x98 ./src/sysbus/usb/drv_usb.o
                0x0041263c                USBDev_BusReset
 .text.usb_get_descriptor
                0x004126d4       0x8c ./src/sysbus/usb/drv_usb.o
                0x004126d4                usb_get_descriptor
 .text.usb_set_address
                0x00412760       0x18 ./src/sysbus/usb/drv_usb.o
                0x00412760                usb_set_address
 .text.usb_get_line_coding
                0x00412778       0x20 ./src/sysbus/usb/drv_usb.o
                0x00412778                usb_get_line_coding
 .text.GetUSBDevStatus
                0x00412798       0x3c ./src/sysbus/usb/drv_usb.o
                0x00412798                GetUSBDevStatus
 .text.usb_endpoint0_handler
                0x004127d4       0xcc ./src/sysbus/usb/drv_usb.o
                0x004127d4                usb_endpoint0_handler
 .text.usb_endpoint0_isr
                0x004128a0       0x50 ./src/sysbus/usb/drv_usb.o
                0x004128a0                usb_endpoint0_isr
 .text.usb_isr  0x004128f0       0xe4 ./src/sysbus/usb/drv_usb.o
                0x004128f0                usb_isr
 .text.UartInit
                0x004129d4      0x138 ./src/sysbus/uart/UART.o
                0x004129d4                UartInit
 .text.UartDeinit
                0x00412b0c       0x24 ./src/sysbus/uart/UART.o
                0x00412b0c                UartDeinit
 .text.UARTSendByte
                0x00412b30       0x24 ./src/sysbus/uart/UART.o
                0x00412b30                UARTSendByte
 .text.UartWriteBytes
                0x00412b54       0x50 ./src/sysbus/uart/UART.o
                0x00412b54                UartWriteBytes
 .text.UARTRecvByte
                0x00412ba4       0x44 ./src/sysbus/uart/UART.o
                0x00412ba4                UARTRecvByte
 .text.UartReadBytes
                0x00412be8       0x4c ./src/sysbus/uart/UART.o
                0x00412be8                UartReadBytes
 .text.UartFlush
                0x00412c34       0x24 ./src/sysbus/uart/UART.o
                0x00412c34                UartFlush
 .text.uart0_interrupt_isr
                0x00412c58       0xa4 ./src/sysbus/uart/UART.o
                0x00412c58                uart0_interrupt_isr
 .text.uart1_interrupt_isr
                0x00412cfc       0x40 ./src/sysbus/uart/UART.o
                0x00412cfc                uart1_interrupt_isr
 .text.is_uart_empty
                0x00412d3c       0x28 ./src/sysbus/uart/UART.o
                0x00412d3c                is_uart_empty
 .text.SpiParaCheck
                0x00412d64       0x24 ./src/sysbus/spi/SPI_MASTER.o
                0x00412d64                SpiParaCheck
 .text.SpiMasterInit
                0x00412d88       0xc0 ./src/sysbus/spi/SPI_MASTER.o
                0x00412d88                SpiMasterInit
 .text.SpiMasterConfig
                0x00412e48       0x18 ./src/sysbus/spi/SPI_MASTER.o
                0x00412e48                SpiMasterConfig
 .text.SpiMasterWriteBytes
                0x00412e60       0x3c ./src/sysbus/spi/SPI_MASTER.o
                0x00412e60                SpiMasterWriteBytes
 .text.SpiMasterTransceiveBytes
                0x00412e9c       0x40 ./src/sysbus/spi/SPI_MASTER.o
                0x00412e9c                SpiMasterTransceiveBytes
 .text.gpioSetResumeType
                0x00412edc       0x44 ./src/sysbus/gpio/gpio.o
                0x00412edc                gpioSetResumeType
 .text.gpioclrResumeType
                0x00412f20       0x30 ./src/sysbus/gpio/gpio.o
                0x00412f20                gpioclrResumeType
 .text.GPIO_Init
                0x00412f50      0x11c ./src/sysbus/gpio/gpio.o
                0x00412f50                GPIO_Init
 .text.GPIO_WriteBit
                0x0041306c       0xf4 ./src/sysbus/gpio/gpio.o
                0x0041306c                GPIO_WriteBit
 .text.GPIO_SetBits
                0x00413160       0xdc ./src/sysbus/gpio/gpio.o
                0x00413160                GPIO_SetBits
 .text.GPIO_ResetBits
                0x0041323c       0xd4 ./src/sysbus/gpio/gpio.o
                0x0041323c                GPIO_ResetBits
 .text.GPIO_ReadBit
                0x00413310       0xc8 ./src/sysbus/gpio/gpio.o
                0x00413310                GPIO_ReadBit
 .text.ReadBigInt
                0x004133d8       0x1c ./src/security/security_common/convertdata.o
 .text.InputPK  0x004133f4       0xa0 ./src/security/security_common/convertdata.o
                0x004133f4                InputPK
 .text.secommon_memset
                0x00413494       0x10 ./src/security/security_common/security_common.o
                0x00413494                secommon_memset
 .text.secommon_strcpy
                0x004134a4       0x10 ./src/security/security_common/security_common.o
                0x004134a4                secommon_strcpy
 .text.dev_detect_getattackstate
                0x004134b4       0x10 ./src/security/secmgr/detect.o
                0x004134b4                dev_detect_getattackstate
 .text.dev_detect_clearattack
                0x004134c4       0x10 ./src/security/secmgr/detect.o
                0x004134c4                dev_detect_clearattack
 .text.dev_detect_configdetect
                0x004134d4       0x10 ./src/security/secmgr/detect.o
                0x004134d4                dev_detect_configdetect
 .text.dev_detect_configcheck
                0x004134e4       0x10 ./src/security/secmgr/detect.o
                0x004134e4                dev_detect_configcheck
 .text.dev_detect_getcpuid
                0x004134f4       0x10 ./src/security/secmgr/detect.o
                0x004134f4                dev_detect_getcpuid
 .text.dev_detect_writemmk
                0x00413504       0x10 ./src/security/secmgr/detect.o
                0x00413504                dev_detect_writemmk
 .text.dev_detect_readmmk
                0x00413514       0x10 ./src/security/secmgr/detect.o
                0x00413514                dev_detect_readmmk
 .text.dev_detect_erasemmk
                0x00413524       0x10 ./src/security/secmgr/detect.o
                0x00413524                dev_detect_erasemmk
 .text.cmd_unlock_process
                0x00413534       0x44 ./src/security/app/cmd_proc.o
                0x00413534                cmd_unlock_process
 .text.cmd_ex_auth_process
                0x00413578      0x1d4 ./src/security/app/cmd_proc.o
                0x00413578                cmd_ex_auth_process
 .text.cmd_ex_verify_authkey_process
                0x0041374c      0x1f4 ./src/security/app/cmd_proc.o
                0x0041374c                cmd_ex_verify_authkey_process
 .text.protocol_cmd_proc_entry
                0x00413940       0x4c ./src/security/app/cmd_proc.o
                0x00413940                protocol_cmd_proc_entry
 .text.read_cpu_id
                0x0041398c       0x2c ./src/security/app/ex_func.o
                0x0041398c                read_cpu_id
 .text.read_flash_id
                0x004139b8       0x18 ./src/security/app/ex_func.o
                0x004139b8                read_flash_id
 .text.check_sn_if_exist
                0x004139d0       0x2c ./src/security/app/ex_func.o
                0x004139d0                check_sn_if_exist
 .text.dev_sys_timer_get_id
                0x004139fc       0x14 ./src/security/app/ex_func.o
                0x004139fc                dev_sys_timer_get_id
 .text.dev_sys_timer_query
                0x00413a10       0x24 ./src/security/app/ex_func.o
                0x00413a10                dev_sys_timer_query
 .text.view_fw_version
                0x00413a34       0x98 ./src/security/app/ex_func.o
                0x00413a34                view_fw_version
 .text.padding_pk_info
                0x00413acc       0x5c ./src/security/app/file_auth.o
 .text.read_enhance_pksn
                0x00413b28       0x90 ./src/security/app/file_auth.o
                0x00413b28                read_enhance_pksn
 .text.pci_read_nand
                0x00413bb8       0x10 ./src/security/app/file_opt.o
                0x00413bb8                pci_read_nand
 .text.sdk_lcd_clear_rect
                0x00413bc8       0x1c ./src/security/app/pci_func.o
                0x00413bc8                sdk_lcd_clear_rect
 .text.sdk_lcd_clear_row
                0x00413be4       0x38 ./src/security/app/pci_func.o
                0x00413be4                sdk_lcd_clear_row
 .text.dev_lcd_fill_row_ram
                0x00413c1c       0x18 ./src/security/app/pci_func.o
                0x00413c1c                dev_lcd_fill_row_ram
 .text.dev_lcd_clear_row_ram
                0x00413c34       0x14 ./src/security/app/pci_func.o
                0x00413c34                dev_lcd_clear_row_ram
 .text.TestPlayOkSound
                0x00413c48       0x20 ./src/security/app/pci_func.o
                0x00413c48                TestPlayOkSound
 .text.GetKeyValue
                0x00413c68       0x8c ./src/security/app/pci_func.o
                0x00413c68                GetKeyValue
 .text.pcitest_protocol_parse
                0x00413cf4      0x1e0 ./src/security/app/protocol.o
                0x00413cf4                pcitest_protocol_parse
 .text.pcitest_protocol_package_send
                0x00413ed4       0xbc ./src/security/app/protocol.o
                0x00413ed4                pcitest_protocol_package_send
 .text.pcitest_protocol_proess_flow
                0x00413f90       0x38 ./src/security/app/protocol.o
                0x00413f90                pcitest_protocol_proess_flow
 .text.pcitest_protocol_clear_buf
                0x00413fc8       0x30 ./src/security/app/protocol.o
                0x00413fc8                pcitest_protocol_clear_buf
 .text.pcitest_protocol_start_prompt
                0x00413ff8       0x90 ./src/security/app/protocol.o
                0x00413ff8                pcitest_protocol_start_prompt
 .text.covert_err_code
                0x00414088       0x80 ./src/security/app/protocol.o
                0x00414088                covert_err_code
 .text.pcitest_protocol_result_prompt
                0x00414108      0x108 ./src/security/app/protocol.o
                0x00414108                pcitest_protocol_result_prompt
 .text.protocol_handle_init
                0x00414210       0x68 ./src/security/app/protocol.o
                0x00414210                protocol_handle_init
 .text.protocol_handle_exit
                0x00414278       0x90 ./src/security/app/protocol.o
                0x00414278                protocol_handle_exit
 .text.protocol_handle_Acknowledge
                0x00414308       0x74 ./src/security/app/protocol.o
                0x00414308                protocol_handle_Acknowledge
 .text.get_hw_serialno
                0x0041437c       0x60 ./src/security/app/rootkey.o
                0x0041437c                get_hw_serialno
 .text.pci_get_random_number
                0x004143dc       0x1c ./src/security/app/rootkey.o
                0x004143dc                pci_get_random_number
 .text.des_double
                0x004143f8       0x34 ./src/security/app/rootkey.o
                0x004143f8                des_double
 .text.des_triple
                0x0041442c       0x3c ./src/security/app/rootkey.o
                0x0041442c                des_triple
 .text.pci_read_uniq_key
                0x00414468       0x78 ./src/security/app/rootkey.o
                0x00414468                pci_read_uniq_key
 .text.pci_backup_root_key
                0x004144e0       0x68 ./src/security/app/rootkey.o
                0x004144e0                pci_backup_root_key
 .text.pci_establish_root_key
                0x00414548       0x64 ./src/security/app/rootkey.o
                0x00414548                pci_establish_root_key
 .text.pci_check_rootkey_valid
                0x004145ac       0x74 ./src/security/app/rootkey.o
                0x004145ac                pci_check_rootkey_valid
 .text.pci_restore_root_key
                0x00414620       0xd4 ./src/security/app/rootkey.o
                0x00414620                pci_restore_root_key
 .text.pci_check_mmk_bak
                0x004146f4       0xcc ./src/security/app/rootkey.o
                0x004146f4                pci_check_mmk_bak
 .text.pci_modify_bakmmk
                0x004147c0      0x114 ./src/security/app/rootkey.o
                0x004147c0                pci_modify_bakmmk
 .text.erase_app_key
                0x004148d4       0x24 ./src/security/app/rootkey.o
                0x004148d4                erase_app_key
 .text.pci_check_rootkey
                0x004148f8       0x60 ./src/security/app/rootkey.o
                0x004148f8                pci_check_rootkey
 .text.Ascii2Hex
                0x00414958       0x50 ./src/security/app/sd_tamper.o
                0x00414958                Ascii2Hex
 .text.format_trigger_num
                0x004149a8       0xe8 ./src/security/app/sd_tamper.o
                0x004149a8                format_trigger_num
 .text.tamper_process_flow_reboot
                0x00414a90       0x58 ./src/security/app/sd_tamper.o
                0x00414a90                tamper_process_flow_reboot
 .text.tamper_process_flow
                0x00414ae8      0x12c ./src/security/app/sd_tamper.o
                0x00414ae8                tamper_process_flow
 .text.clear_tamper_establish_rootkey
                0x00414c14       0x1c ./src/security/app/sd_tamper.o
                0x00414c14                clear_tamper_establish_rootkey
 .text.terminal_selfcheck_background
                0x00414c30       0x24 ./src/security/app/sd_tamper.o
                0x00414c30                terminal_selfcheck_background
 .text.tamper_check
                0x00414c54       0x68 ./src/security/app/sd_tamper.o
                0x00414c54                tamper_check
 .text.terminal_tampercheck_callback
                0x00414cbc       0x10 ./src/security/app/sd_tamper.o
                0x00414cbc                terminal_tampercheck_callback
 .text.tamper_config_and_check
                0x00414ccc       0x8c ./src/security/app/sd_tamper.o
                0x00414ccc                tamper_config_and_check
 .text.get_product_mode
                0x00414d58       0x14 ./src/security/app/sd_tamper.o
                0x00414d58                get_product_mode
 .text.sec_check_config
                0x00414d6c       0x30 ./src/security/app/sd_tamper.o
                0x00414d6c                sec_check_config
 .text.display_check_err
                0x00414d9c       0xa0 ./src/security/app/sd_tamper.o
                0x00414d9c                display_check_err
 .text.security_init
                0x00414e3c       0x40 ./src/security/app/sd_tamper.o
                0x00414e3c                security_init
 .text.lib_rsa_pk_encrypt
                0x00414e7c       0x1c ./src/security/api/alg_api.o
                0x00414e7c                lib_rsa_pk_encrypt
 .text.clac_hash_value
                0x00414e98      0x108 ./src/security/api/alg_api.o
                0x00414e98                clac_hash_value
 .text.sha256   0x00414fa0       0x14 ./src/security/api/alg_api.o
                0x00414fa0                sha256
 .text.s_mem_cpy
                0x00414fb4       0x14 ./src/security/api/mem_api.o
                0x00414fb4                s_mem_cpy
 .text.s_mem_cmp
                0x00414fc8       0x20 ./src/security/api/mem_api.o
                0x00414fc8                s_mem_cmp
 .text.drv_power_check_usb_power
                0x00414fe8       0x18 ./src/moddrv/power/drv_power.o
                0x00414fe8                drv_power_check_usb_power
 .text.drv_power_get_bat_charge_status
                0x00415000       0x18 ./src/moddrv/power/drv_power.o
                0x00415000                drv_power_get_bat_charge_status
 .text.drv_power_ctrl_charge
                0x00415018       0x60 ./src/moddrv/power/drv_power.o
                0x00415018                drv_power_ctrl_charge
 .text.drv_power_control
                0x00415078       0x1c ./src/moddrv/power/drv_power.o
                0x00415078                drv_power_control
 .text.drv_power_get_batvol_init
                0x00415094       0x24 ./src/moddrv/power/drv_power.o
                0x00415094                drv_power_get_batvol_init
 .text.drv_power_get_bat_voltage
                0x004150b8       0xbc ./src/moddrv/power/drv_power.o
                0x004150b8                drv_power_get_bat_voltage
 .text.drv_charge_task
                0x00415174      0x2f8 ./src/moddrv/power/drv_power.o
                0x00415174                drv_charge_task
 .text.drv_maghead_init
                0x0041546c       0x14 ./src/moddrv/magcard/drv_magcard.o
                0x0041546c                drv_maghead_init
 .text.drv_maghead_deinit
                0x00415480        0x4 ./src/moddrv/magcard/drv_magcard.o
                0x00415480                drv_maghead_deinit
 .text.drv_maghead_check
                0x00415484       0x34 ./src/moddrv/magcard/drv_magcard.o
                0x00415484                drv_maghead_check
 .text.drv_maghead_read
                0x004154b8      0x1ec ./src/moddrv/magcard/drv_magcard.o
                0x004154b8                drv_maghead_read
 .text.mcc_adc_open
                0x004156a4       0x8c ./src/moddrv/magcard/mcc_adc.o
                0x004156a4                mcc_adc_open
 .text.mcc_adc_close
                0x00415730       0x30 ./src/moddrv/magcard/mcc_adc.o
                0x00415730                mcc_adc_close
 .text.lcd_init_gpio
                0x00415760       0x34 ./src/moddrv/lcd/drv_lcd.o
                0x00415760                lcd_init_gpio
 .text.lcd_send_command
                0x00415794       0x30 ./src/moddrv/lcd/drv_lcd.o
                0x00415794                lcd_send_command
 .text.lcd_send_data
                0x004157c4       0x34 ./src/moddrv/lcd/drv_lcd.o
                0x004157c4                lcd_send_data
 .text.lcd_send_cfgdata
                0x004157f8       0x18 ./src/moddrv/lcd/drv_lcd.o
                0x004157f8                lcd_send_cfgdata
 .text.lcd_contrast_adjust
                0x00415810       0x28 ./src/moddrv/lcd/drv_lcd.o
                0x00415810                lcd_contrast_adjust
 .text.lcd_initial_st7567
                0x00415838       0xa8 ./src/moddrv/lcd/drv_lcd.o
                0x00415838                lcd_initial_st7567
 .text.lcd_initial_st75160
                0x004158e0      0x110 ./src/moddrv/lcd/drv_lcd.o
                0x004158e0                lcd_initial_st75160
 .text.lcd_deinit_st75160
                0x004159f0       0x34 ./src/moddrv/lcd/drv_lcd.o
                0x004159f0                lcd_deinit_st75160
 .text.lcd_address_st7567
                0x00415a24       0x2c ./src/moddrv/lcd/drv_lcd.o
                0x00415a24                lcd_address_st7567
 .text.lcd_address_st75160
                0x00415a50       0x44 ./src/moddrv/lcd/drv_lcd.o
                0x00415a50                lcd_address_st75160
 .text.drv_set_lcd_ram_addr
                0x00415a94       0x2c ./src/moddrv/lcd/drv_lcd.o
                0x00415a94                drv_set_lcd_ram_addr
 .text.lcd_clear_screen
                0x00415ac0       0x48 ./src/moddrv/lcd/drv_lcd.o
                0x00415ac0                lcd_clear_screen
 .text.drv_send_data_byte
                0x00415b08       0x14 ./src/moddrv/lcd/drv_lcd.o
                0x00415b08                drv_send_data_byte
 .text.lcd_backlight_ctl
                0x00415b1c       0x1c ./src/moddrv/lcd/drv_lcd.o
                0x00415b1c                lcd_backlight_ctl
 .text.recurbinary
                0x00415b38       0x3c ./src/moddrv/lcd/drv_lcd_font_data.o
 .text.get_hz_count
                0x00415b74       0x80 ./src/moddrv/lcd/drv_lcd_font_data.o
                0x00415b74                get_hz_count
 .text.drv_lcd_find_dot_data
                0x00415bf4       0x94 ./src/moddrv/lcd/drv_lcd_font_data.o
                0x00415bf4                drv_lcd_find_dot_data
 .text.drv_key_row_init
                0x00415c88       0x4c ./src/moddrv/keyboard/drv_key.o
 .text.drv_key_row_output
                0x00415cd4       0x48 ./src/moddrv/keyboard/drv_key.o
 .text.drv_key_init
                0x00415d1c       0x3c ./src/moddrv/keyboard/drv_key.o
                0x00415d1c                drv_key_init
 .text.drv_key_deinit
                0x00415d58       0x30 ./src/moddrv/keyboard/drv_key.o
                0x00415d58                drv_key_deinit
 .text.drv_pwr_key_scan
                0x00415d88       0x34 ./src/moddrv/keyboard/drv_key.o
                0x00415d88                drv_pwr_key_scan
 .text.drv_key_scan
                0x00415dbc       0x8c ./src/moddrv/keyboard/drv_key.o
                0x00415dbc                drv_key_scan
 .text.drv_key_sleep
                0x00415e48       0x40 ./src/moddrv/keyboard/drv_key.o
                0x00415e48                drv_key_sleep
 .text.dev_slice_isr
                0x00415e88       0x98 ./src/moddrv/beep/drv_beep.o
                0x00415e88                dev_slice_isr
 .text.pwm0Waveform
                0x00415f20       0x18 ./src/moddrv/beep/drv_beep.o
                0x00415f20                pwm0Waveform
 .text.pwm0WaveSetduty
                0x00415f38       0x1c ./src/moddrv/beep/drv_beep.o
                0x00415f38                pwm0WaveSetduty
 .text.pwm0Disable
                0x00415f54       0x28 ./src/moddrv/beep/drv_beep.o
                0x00415f54                pwm0Disable
 .text.dev_slice_init
                0x00415f7c       0x6c ./src/moddrv/beep/drv_beep.o
                0x00415f7c                dev_slice_init
 .text.dev_slice_add_task
                0x00415fe8       0x60 ./src/moddrv/beep/drv_beep.o
                0x00415fe8                dev_slice_add_task
 .text.dev_slice_deinit
                0x00416048       0x28 ./src/moddrv/beep/drv_beep.o
                0x00416048                dev_slice_deinit
 .text.dev_usb_power
                0x00416070       0x10 ./src/moddev/power/dev_power.o
                0x00416070                dev_usb_power
 .text.dev_power_batvol_stage
                0x00416080       0x34 ./src/moddev/power/dev_power.o
                0x00416080                dev_power_batvol_stage
 .text.dev_power_off
                0x004160b4       0x94 ./src/moddev/power/dev_power.o
                0x004160b4                dev_power_off
 .text.dev_power_on
                0x00416148       0x14 ./src/moddev/power/dev_power.o
                0x00416148                dev_power_on
 .text.dev_power_init
                0x0041615c       0x8c ./src/moddev/power/dev_power.o
                0x0041615c                dev_power_init
 .text.dev_power_get_batstatus
                0x004161e8       0x2c ./src/moddev/power/dev_power.o
                0x004161e8                dev_power_get_batstatus
 .text.dev_sys_bat
                0x00416214       0x3c ./src/moddev/power/dev_power.o
                0x00416214                dev_sys_bat
 .text.dev_power_stage
                0x00416250       0xe0 ./src/moddev/power/dev_power.o
                0x00416250                dev_power_stage
 .text.dev_power_manage_task
                0x00416330       0x18 ./src/moddev/power/dev_power.o
                0x00416330                dev_power_manage_task
 .text.dis_battery_ram
                0x00416348       0x90 ./src/moddev/power/dev_power.o
                0x00416348                dis_battery_ram
 .text.dis_battery_show
                0x004163d8       0xd0 ./src/moddev/power/dev_power.o
                0x004163d8                dis_battery_show
 .text.down_show_bat_logo
                0x004164a8       0x58 ./src/moddev/power/dev_power.o
                0x004164a8                down_show_bat_logo
 .text.check_multi_key
                0x00416500      0x104 ./src/moddev/power/dev_power.o
                0x00416500                check_multi_key
 .text.show_bat_charge
                0x00416604       0x74 ./src/moddev/power/dev_power.o
                0x00416604                show_bat_charge
 .text.dev_power_sleep
                0x00416678       0x98 ./src/moddev/power/dev_power.o
                0x00416678                dev_power_sleep
 .text.ddi_mag_open
                0x00416710       0x10 ./src/moddev/magcard/ddi_magcard.o
                0x00416710                ddi_mag_open
 .text.ddi_mag_close
                0x00416720       0x10 ./src/moddev/magcard/ddi_magcard.o
                0x00416720                ddi_mag_close
 .text.ddi_mag_read
                0x00416730      0x178 ./src/moddev/magcard/ddi_magcard.o
                0x00416730                ddi_mag_read
 .text.ddi_mag_clear
                0x004168a8       0x44 ./src/moddev/magcard/ddi_magcard.o
                0x004168a8                ddi_mag_clear
 .text.ddi_mag_ioctl
                0x004168ec       0x14 ./src/moddev/magcard/ddi_magcard.o
                0x004168ec                ddi_mag_ioctl
 .text.dev_maghead_open
                0x00416900       0x28 ./src/moddev/magcard/dev_magcard.o
                0x00416900                dev_maghead_open
 .text.dev_maghead_close
                0x00416928       0x28 ./src/moddev/magcard/dev_magcard.o
                0x00416928                dev_maghead_close
 .text.dev_maghead_read
                0x00416950       0x28 ./src/moddev/magcard/dev_magcard.o
                0x00416950                dev_maghead_read
 .text.dev_maghead_check
                0x00416978       0x1c ./src/moddev/magcard/dev_magcard.o
                0x00416978                dev_maghead_check
 .text.dev_maghead_ioctl
                0x00416994       0x44 ./src/moddev/magcard/dev_magcard.o
                0x00416994                dev_maghead_ioctl
 .text.magcard_is_open
                0x004169d8       0x10 ./src/moddev/magcard/dev_magcard.o
                0x004169d8                magcard_is_open
 .text.ddi_led_open
                0x004169e8       0x20 ./src/moddev/led/ddi_led.o
                0x004169e8                ddi_led_open
 .text.ddi_led_close
                0x00416a08       0x14 ./src/moddev/led/ddi_led.o
                0x00416a08                ddi_led_close
 .text.ddi_led_sta_set
                0x00416a1c       0x20 ./src/moddev/led/ddi_led.o
                0x00416a1c                ddi_led_sta_set
 .text.ddi_led_ioctl
                0x00416a3c        0x4 ./src/moddev/led/ddi_led.o
                0x00416a3c                ddi_led_ioctl
 .text.font_get_dot
                0x00416a40       0xdc ./src/moddev/lcd/dev_lcd.o
                0x00416a40                font_get_dot
 .text.font_get_str_wh
                0x00416b1c       0x58 ./src/moddev/lcd/dev_lcd.o
                0x00416b1c                font_get_str_wh
 .text.dev_lcd_open
                0x00416b74       0xac ./src/moddev/lcd/dev_lcd.o
                0x00416b74                dev_lcd_open
 .text.dev_lcd_close
                0x00416c20       0x28 ./src/moddev/lcd/dev_lcd.o
                0x00416c20                dev_lcd_close
 .text.dev_lcd_brush_screen
                0x00416c48       0x4c ./src/moddev/lcd/dev_lcd.o
                0x00416c48                dev_lcd_brush_screen
 .text.dev_lcd_clear_ram
                0x00416c94       0x40 ./src/moddev/lcd/dev_lcd.o
                0x00416c94                dev_lcd_clear_ram
 .text.dev_lcd_clear_screen
                0x00416cd4       0x20 ./src/moddev/lcd/dev_lcd.o
                0x00416cd4                dev_lcd_clear_screen
 .text.Set_pixel
                0x00416cf4       0x74 ./src/moddev/lcd/dev_lcd.o
                0x00416cf4                Set_pixel
 .text.Clear_pixel
                0x00416d68       0x78 ./src/moddev/lcd/dev_lcd.o
                0x00416d68                Clear_pixel
 .text.dev_lcd_set_pixel
                0x00416de0       0x28 ./src/moddev/lcd/dev_lcd.o
                0x00416de0                dev_lcd_set_pixel
 .text.dev_lcd_clear_at
                0x00416e08       0x40 ./src/moddev/lcd/dev_lcd.o
                0x00416e08                dev_lcd_clear_at
 .text.Set_display_ram
                0x00416e48      0x1c4 ./src/moddev/lcd/dev_lcd.o
                0x00416e48                Set_display_ram
 .text.dev_lcd_v_line
                0x0041700c       0x34 ./src/moddev/lcd/dev_lcd.o
                0x0041700c                dev_lcd_v_line
 .text.dev_lcd_line_ram
                0x00417040       0xbc ./src/moddev/lcd/dev_lcd.o
 .text.dev_lcd_brush_chg
                0x004170fc      0x128 ./src/moddev/lcd/dev_lcd.o
                0x004170fc                dev_lcd_brush_chg
 .text.dev_lcd_fill_rectangle
                0x00417224       0x4c ./src/moddev/lcd/dev_lcd.o
                0x00417224                dev_lcd_fill_rectangle
 .text.dev_lcd_get_str_dot_len
                0x00417270       0x6c ./src/moddev/lcd/dev_lcd.o
                0x00417270                dev_lcd_get_str_dot_len
 .text.ddi_lcd_open
                0x004172dc       0x10 ./src/moddev/lcd/dev_lcd.o
                0x004172dc                ddi_lcd_open
 .text.ddi_lcd_close
                0x004172ec       0x10 ./src/moddev/lcd/dev_lcd.o
                0x004172ec                ddi_lcd_close
 .text.ddi_lcd_fill_rect
                0x004172fc       0x3c ./src/moddev/lcd/dev_lcd.o
                0x004172fc                ddi_lcd_fill_rect
 .text.ddi_lcd_clear_rect
                0x00417338       0xb4 ./src/moddev/lcd/dev_lcd.o
                0x00417338                ddi_lcd_clear_rect
 .text.ddi_lcd_clear_rect_ext
                0x004173ec       0x1c ./src/moddev/lcd/dev_lcd.o
                0x004173ec                ddi_lcd_clear_rect_ext
 .text.ddi_lcd_clear_row
                0x00417408       0x50 ./src/moddev/lcd/dev_lcd.o
                0x00417408                ddi_lcd_clear_row
 .text.ddi_lcd_show_text
                0x00417458      0x11c ./src/moddev/lcd/dev_lcd.o
                0x00417458                ddi_lcd_show_text
 .text.ddi_lcd_show_picture
                0x00417574      0x104 ./src/moddev/lcd/dev_lcd.o
                0x00417574                ddi_lcd_show_picture
 .text.ddi_lcd_set_ram_pixel
                0x00417678       0x2c ./src/moddev/lcd/dev_lcd.o
                0x00417678                ddi_lcd_set_ram_pixel
 .text.ddi_lcd_show_pixel
                0x004176a4       0x58 ./src/moddev/lcd/dev_lcd.o
                0x004176a4                ddi_lcd_show_pixel
 .text.ddi_lcd_show_line
                0x004176fc       0x3c ./src/moddev/lcd/dev_lcd.o
                0x004176fc                ddi_lcd_show_line
 .text.ddi_lcd_show_rect
                0x00417738       0x7c ./src/moddev/lcd/dev_lcd.o
                0x00417738                ddi_lcd_show_rect
 .text.ddi_lcd_extract_rect
                0x004177b4      0x134 ./src/moddev/lcd/dev_lcd.o
                0x004177b4                ddi_lcd_extract_rect
 .text.ddi_lcd_show_picture_file
                0x004178e8        0x4 ./src/moddev/lcd/dev_lcd.o
                0x004178e8                ddi_lcd_show_picture_file
 .text.ddi_lcd_ioctl
                0x004178ec      0x190 ./src/moddev/lcd/dev_lcd.o
                0x004178ec                ddi_lcd_ioctl
 .text.ddi_lcd_show_text_ext
                0x00417a7c      0x10c ./src/moddev/lcd/dev_lcd.o
                0x00417a7c                ddi_lcd_show_text_ext
 .text.ddi_lcd_brush_screen
                0x00417b88       0x14 ./src/moddev/lcd/dev_lcd.o
                0x00417b88                ddi_lcd_brush_screen
 .text.dev_lcd_keywarm
                0x00417b9c       0x70 ./src/moddev/lcd/dev_lcd.o
                0x00417b9c                dev_lcd_keywarm
 .text.dev_lcd_recdispaly
                0x00417c0c       0x48 ./src/moddev/lcd/dev_lcd.o
                0x00417c0c                dev_lcd_recdispaly
 .text.dev_key_analy
                0x00417c54       0x78 ./src/moddev/keyboard/dev_key.o
 .text.dev_key_write
                0x00417ccc       0x5c ./src/moddev/keyboard/dev_key.o
                0x00417ccc                dev_key_write
 .text.dev_key_read
                0x00417d28       0x48 ./src/moddev/keyboard/dev_key.o
                0x00417d28                dev_key_read
 .text.dev_key_power_key_clear
                0x00417d70       0x20 ./src/moddev/keyboard/dev_key.o
                0x00417d70                dev_key_power_key_clear
 .text.dev_key_task
                0x00417d90      0x12c ./src/moddev/keyboard/dev_key.o
                0x00417d90                dev_key_task
 .text.dev_key_fun_read_ext
                0x00417ebc       0x60 ./src/moddev/keyboard/dev_key.o
                0x00417ebc                dev_key_fun_read_ext
 .text.dev_key_sleep
                0x00417f1c       0x10 ./src/moddev/keyboard/dev_key.o
                0x00417f1c                dev_key_sleep
 .text.dev_key_wakeup
                0x00417f2c       0x18 ./src/moddev/keyboard/dev_key.o
                0x00417f2c                dev_key_wakeup
 .text.ddi_key_open
                0x00417f44       0x40 ./src/moddev/keyboard/dev_key.o
                0x00417f44                ddi_key_open
 .text.ddi_key_close
                0x00417f84       0x34 ./src/moddev/keyboard/dev_key.o
                0x00417f84                ddi_key_close
 .text.ddi_key_read
                0x00417fb8       0x54 ./src/moddev/keyboard/dev_key.o
                0x00417fb8                ddi_key_read
 .text.ddi_key_clear
                0x0041800c       0x14 ./src/moddev/keyboard/dev_key.o
                0x0041800c                ddi_key_clear
 .text.ddi_key_ioctl
                0x00418020        0x4 ./src/moddev/keyboard/dev_key.o
                0x00418020                ddi_key_ioctl
 .text.ddi_key_task
                0x00418024       0x30 ./src/moddev/keyboard/dev_key.o
                0x00418024                ddi_key_task
 .text.btupdate_display_status
                0x00418054      0x178 ./src/moddev/bt_update/bt_update.o
 .text.save_updatainfo
                0x004181cc      0x118 ./src/moddev/bt_update/bt_update.o
 .text.btupdate_flash_write
                0x004182e4       0x68 ./src/moddev/bt_update/bt_update.o
 .text.btupdate_flash_erase.constprop.2
                0x0041834c       0x44 ./src/moddev/bt_update/bt_update.o
 .text.AsiicToNum.constprop.3
                0x00418390       0x98 ./src/moddev/bt_update/bt_update.o
 .text.btupdate_check_crc
                0x00418428       0x48 ./src/moddev/bt_update/bt_update.o
                0x00418428                btupdate_check_crc
 .text.btupdate_check_authen
                0x00418470      0x1a4 ./src/moddev/bt_update/bt_update.o
                0x00418470                btupdate_check_authen
 .text.bt_update
                0x00418614      0x7c4 ./src/moddev/bt_update/bt_update.o
                0x00418614                bt_update
 .text.ddi_update_task
                0x00418dd8      0x19c ./src/moddev/bt_update/bt_update.o
                0x00418dd8                ddi_update_task
 .text.crc16    0x00418f74       0x34 ./src/moddev/bt_update/crc16.o
                0x00418f74                crc16
 .text.mpro_buff_clear
                0x00418fa8       0x20 ./src/moddev/bt_update/mpos_protocol.o
 .text.change_to_hex
                0x00418fc8       0x46 ./src/moddev/bt_update/mpos_protocol.o
                0x00418fc8                change_to_hex
 *fill*         0x0041900e        0x2 bebe
 .text.mpro_init
                0x00419010       0x40 ./src/moddev/bt_update/mpos_protocol.o
                0x00419010                mpro_init
 .text.mpro_send_data
                0x00419050       0x18 ./src/moddev/bt_update/mpos_protocol.o
                0x00419050                mpro_send_data
 .text.mpro_creat_packet.part.0
                0x00419068       0xbc ./src/moddev/bt_update/mpos_protocol.o
 .text.mpro_rcv_data
                0x00419124       0x9c ./src/moddev/bt_update/mpos_protocol.o
                0x00419124                mpro_rcv_data
 .text.mpro_task
                0x004191c0      0x2c4 ./src/moddev/bt_update/mpos_protocol.o
                0x004191c0                mpro_task
 .text.dev_buzzer_close
                0x00419484       0x14 ./src/moddev/beep/dev_beep.o
                0x00419484                dev_buzzer_close
 .text.dev_buzzer_open
                0x00419498       0x2c ./src/moddev/beep/dev_beep.o
                0x00419498                dev_buzzer_open
 .text.dev_buzzer_set_volume
                0x004194c4       0x18 ./src/moddev/beep/dev_beep.o
                0x004194c4                dev_buzzer_set_volume
 .text.ddi_audio_open
                0x004194dc        0x4 ./src/moddev/beep/dev_beep.o
                0x004194dc                ddi_audio_open
 .text.ddi_audio_close
                0x004194e0       0x18 ./src/moddev/beep/dev_beep.o
                0x004194e0                ddi_audio_close
 .text.ddi_audio_play
                0x004194f8        0x4 ./src/moddev/beep/dev_beep.o
                0x004194f8                ddi_audio_play
 .text.ddi_audio_stop
                0x004194fc        0x4 ./src/moddev/beep/dev_beep.o
                0x004194fc                ddi_audio_stop
 .text.ddi_audio_pause
                0x00419500        0x4 ./src/moddev/beep/dev_beep.o
                0x00419500                ddi_audio_pause
 .text.ddi_audio_replay
                0x00419504        0x4 ./src/moddev/beep/dev_beep.o
                0x00419504                ddi_audio_replay
 .text.ddi_audio_ioctl
                0x00419508       0x38 ./src/moddev/beep/dev_beep.o
                0x00419508                ddi_audio_ioctl
 .text.dev_core_task
                0x00419540       0x48 ./src/main/main.o
                0x00419540                dev_core_task
 .text.dev_core_task_init
                0x00419588       0x40 ./src/main/main.o
                0x00419588                dev_core_task_init
 .text.show_poweron_prompt
                0x004195c8       0x2c ./src/main/main.o
                0x004195c8                show_poweron_prompt
 .text.startup.main
                0x004195f4      0x254 ./src/main/main.o
                0x004195f4                main
 .text.mini_app
                0x00419848       0x4c ./src/main/test.o
                0x00419848                mini_app
 .text.BcdToAsc
                0x00419894       0x34 ./src/fun/dev_maths.o
                0x00419894                BcdToAsc
 .text.ShellSort
                0x004198c8       0x6a ./src/fun/dev_maths.o
                0x004198c8                ShellSort
 .text.str_len  0x00419932       0x10 ./src/fun/dev_maths.o
                0x00419932                str_len
 .text.str_cpy  0x00419942       0x10 ./src/fun/dev_maths.o
                0x00419942                str_cpy
 *fill*         0x00419952        0x2 bebe
 .text.calc_crc16
                0x00419954       0x4c ./src/fun/dev_maths.o
                0x00419954                calc_crc16
 .text.calc_crc32
                0x004199a0       0x30 ./src/fun/dev_maths.o
                0x004199a0                calc_crc32
 .text.CalcChecksum16
                0x004199d0       0x20 ./src/fun/dev_maths.o
                0x004199d0                CalcChecksum16
 .text.CalcChecksum
                0x004199f0       0x16 ./src/fun/dev_maths.o
                0x004199f0                CalcChecksum
 *fill*         0x00419a06        0x2 bebe
 .text.vfs_root_init
                0x00419a08       0x1c ./src/fs/fs_vs.o
                0x00419a08                vfs_root_init
 .text.ddi_vfs_open
                0x00419a24       0x74 ./src/fs/fs_vs.o
                0x00419a24                ddi_vfs_open
 .text.ddi_vfs_close
                0x00419a98       0x2c ./src/fs/fs_vs.o
                0x00419a98                ddi_vfs_close
 .text.ddi_vfs_write
                0x00419ac4       0x50 ./src/fs/fs_vs.o
                0x00419ac4                ddi_vfs_write
 .text.ddi_vfs_read
                0x00419b14       0x50 ./src/fs/fs_vs.o
                0x00419b14                ddi_vfs_read
 .text.ddi_vfs_seek
                0x00419b64       0x4c ./src/fs/fs_vs.o
                0x00419b64                ddi_vfs_seek
 .text.ddi_vfs_tell
                0x00419bb0       0x30 ./src/fs/fs_vs.o
                0x00419bb0                ddi_vfs_tell
 .text.ddi_vfs_remove
                0x00419be0       0x74 ./src/fs/fs_vs.o
                0x00419be0                ddi_vfs_remove
 .text.ddi_vfs_rename
                0x00419c54        0x4 ./src/fs/fs_vs.o
                0x00419c54                ddi_vfs_rename
 .text.ddi_vfs_access
                0x00419c58       0x38 ./src/fs/fs_vs.o
                0x00419c58                ddi_vfs_access
 .text.ddi_vfs_ioctl
                0x00419c90        0x8 ./src/fs/fs_vs.o
                0x00419c90                ddi_vfs_ioctl
 .text.DmaLliRegInit
                0x00419c98       0x1c ./src/drv/adc_dma.o
                0x00419c98                DmaLliRegInit
 .text.AdcDmaStart
                0x00419cb4       0x28 ./src/drv/adc_dma.o
                0x00419cb4                AdcDmaStart
 .text.AdcDmaStop
                0x00419cdc       0x40 ./src/drv/adc_dma.o
                0x00419cdc                AdcDmaStop
 .text.DmaInit  0x00419d1c       0x8c ./src/drv/adc_dma.o
                0x00419d1c                DmaInit
 .text.AdcInit  0x00419da8       0x64 ./src/drv/adc_dma.o
                0x00419da8                AdcInit
 .text.AdcStart
                0x00419e0c        0xc ./src/drv/adc_dma.o
                0x00419e0c                AdcStart
 .text.AdcStop  0x00419e18       0x28 ./src/drv/adc_dma.o
                0x00419e18                AdcStop
 .text.ADC_Cmd  0x00419e40       0x28 ./src/drv/adc_drv.o
                0x00419e40                ADC_Cmd
 .text.ADC_StartConv
                0x00419e68       0x10 ./src/drv/adc_drv.o
                0x00419e68                ADC_StartConv
 .text.ADC_StopConv
                0x00419e78       0x14 ./src/drv/adc_drv.o
                0x00419e78                ADC_StopConv
 .text.ADC_GetConversionValueByInterVerf
                0x00419e8c       0x8c ./src/drv/adc_drv.o
                0x00419e8c                ADC_GetConversionValueByInterVerf
 .text.ADC_GetConversionValue
                0x00419f18       0x8c ./src/drv/adc_drv.o
                0x00419f18                ADC_GetConversionValue
 .text.ADC_Get_Battery
                0x00419fa4       0x9c ./src/drv/adc_drv.o
                0x00419fa4                ADC_Get_Battery
 .text.CheckAddrType
                0x0041a040       0x28 ./src/drv/alg_drv.o
 .text.U8toU32  0x0041a068       0x6a ./src/drv/alg_drv.o
 *fill*         0x0041a0d2        0x2 bebe
 .text.U32toU8  0x0041a0d4       0x60 ./src/drv/alg_drv.o
 .text.GetRandomWord
                0x0041a134       0x24 ./src/drv/alg_drv.o
                0x0041a134                GetRandomWord
 .text.Init_Trng
                0x0041a158       0x2c ./src/drv/alg_drv.o
                0x0041a158                Init_Trng
 .text.Trng_Disable
                0x0041a184       0x1c ./src/drv/alg_drv.o
                0x0041a184                Trng_Disable
 .text.DES_EnDecrypt_2
                0x0041a1a0      0x104 ./src/drv/alg_drv.o
                0x0041a1a0                DES_EnDecrypt_2
 .text.SHA_Init_2
                0x0041a2a4       0x30 ./src/drv/alg_drv.o
                0x0041a2a4                SHA_Init_2
 .text.SHA_Update_2
                0x0041a2d4       0x64 ./src/drv/alg_drv.o
                0x0041a2d4                SHA_Update_2
 .text.SHA_Final_2
                0x0041a338       0x7c ./src/drv/alg_drv.o
                0x0041a338                SHA_Final_2
 .text.RsaPubKey_2
                0x0041a3b4      0x130 ./src/drv/alg_drv.o
                0x0041a3b4                RsaPubKey_2
 .text.RsaPrivKeyCRT_2
                0x0041a4e4      0x1cc ./src/drv/alg_drv.o
                0x0041a4e4                RsaPrivKeyCRT_2
 .text.CACHE_Init
                0x0041a6b0       0xb8 ./src/drv/cache_drv.o
                0x0041a6b0                CACHE_Init
 .text.CCM_ConfigGpio
                0x0041a768       0x64 ./src/drv/ccm_drv.o
                0x0041a768                CCM_ConfigGpio
 .text.CCM_ReadGpioData
                0x0041a7cc       0x24 ./src/drv/ccm_drv.o
                0x0041a7cc                CCM_ReadGpioData
 .text.CCM_WriteGpioData
                0x0041a7f0       0x34 ./src/drv/ccm_drv.o
                0x0041a7f0                CCM_WriteGpioData
 .text.CPM_Sleep
                0x0041a824       0x2c ./src/drv/cpm_drv.o
                0x0041a824                CPM_Sleep
 .text.cpm_set_usbphy_div
                0x0041a850       0x34 ./src/drv/cpm_drv.o
                0x0041a850                cpm_set_usbphy_div
 .text.CPM_SysClkSelect
                0x0041a884       0xf4 ./src/drv/cpm_drv.o
                0x0041a884                CPM_SysClkSelect
 .text.Clock_Out_Select
                0x0041a978       0x1c ./src/drv/cpm_drv.o
                0x0041a978                Clock_Out_Select
 .text.PMU_ISR  0x0041a994       0x18 ./src/drv/cpm_drv.o
                0x0041a994                PMU_ISR
 .text.WAKEUP_ISR
                0x0041a9ac       0x44 ./src/drv/cpm_drv.o
                0x0041a9ac                WAKEUP_ISR
 .text.CPM_eport_sleep
                0x0041a9f0       0x14 ./src/drv/cpm_drv.o
                0x0041a9f0                CPM_eport_sleep
 .text.DMA_Init
                0x0041aa04       0x5c ./src/drv/dmac_drv.o
                0x0041aa04                DMA_Init
 .text.EDMA_ISR
                0x0041aa60       0x50 ./src/drv/edma_drv.o
                0x0041aa60                EDMA_ISR
 .text.EDMA_Init
                0x0041aab0       0x14 ./src/drv/edma_drv.o
                0x0041aab0                EDMA_Init
 .text.EDMA_CHx_start
                0x0041aac4       0xc4 ./src/drv/edma_drv.o
                0x0041aac4                EDMA_CHx_start
 .text.dma_spi_enter
                0x0041ab88        0xc ./src/drv/edma_drv.o
                0x0041ab88                dma_spi_enter
 .text.dma_spi_out
                0x0041ab94        0xc ./src/drv/edma_drv.o
                0x0041ab94                dma_spi_out
 .text.EFLASH_SetWritePermission
                0x0041aba0       0x10 ./src/drv/eflash_drv.o
                0x0041aba0                EFLASH_SetWritePermission
 .text.EFLASH_ClrWritePermission
                0x0041abb0       0x10 ./src/drv/eflash_drv.o
                0x0041abb0                EFLASH_ClrWritePermission
 .text.EPORT0_8_ISR
                0x0041abc0       0x5c ./src/drv/eport_drv.o
                0x0041abc0                EPORT0_8_ISR
 .text.EPORT1_9_ISR
                0x0041ac1c       0x40 ./src/drv/eport_drv.o
                0x0041ac1c                EPORT1_9_ISR
 .text.EPORT2_10_ISR
                0x0041ac5c       0x40 ./src/drv/eport_drv.o
                0x0041ac5c                EPORT2_10_ISR
 .text.EPORT3_11_ISR
                0x0041ac9c       0x40 ./src/drv/eport_drv.o
                0x0041ac9c                EPORT3_11_ISR
 .text.EPORT4_12_ISR
                0x0041acdc       0x40 ./src/drv/eport_drv.o
                0x0041acdc                EPORT4_12_ISR
 .text.EPORT5_13_ISR
                0x0041ad1c       0x40 ./src/drv/eport_drv.o
                0x0041ad1c                EPORT5_13_ISR
 .text.EPORT6_14_ISR
                0x0041ad5c       0x48 ./src/drv/eport_drv.o
                0x0041ad5c                EPORT6_14_ISR
 .text.EPORT7_15_ISR
                0x0041ada4       0x44 ./src/drv/eport_drv.o
                0x0041ada4                EPORT7_15_ISR
 .text.EPORT_ConfigGpio
                0x0041ade8       0xb4 ./src/drv/eport_drv.o
                0x0041ade8                EPORT_ConfigGpio
 .text.EPORT_WriteGpioData
                0x0041ae9c       0x70 ./src/drv/eport_drv.o
                0x0041ae9c                EPORT_WriteGpioData
 .text.EPORT_ReadGpioData
                0x0041af0c       0x50 ./src/drv/eport_drv.o
                0x0041af0c                EPORT_ReadGpioData
 .text.EPORT_ITTypeConfig
                0x0041af5c      0x1a8 ./src/drv/eport_drv.o
                0x0041af5c                EPORT_ITTypeConfig
 .text.EPORT_ITConfig
                0x0041b104       0x78 ./src/drv/eport_drv.o
                0x0041b104                EPORT_ITConfig
 .text.EPORT_Pullup
                0x0041b17c       0x38 ./src/drv/eport_drv.o
                0x0041b17c                EPORT_Pullup
 .text.EPORT_IN_en
                0x0041b1b4       0x38 ./src/drv/eport_drv.o
                0x0041b1b4                EPORT_IN_en
 .text.SPI_IO_IN_en
                0x0041b1ec       0x4c ./src/drv/eport_drv.o
                0x0041b1ec                SPI_IO_IN_en
 .text.I2C_ConfigGpio
                0x0041b238       0x5c ./src/drv/i2c_drv.o
                0x0041b238                I2C_ConfigGpio
 .text.I2C_ReadGpioData
                0x0041b294       0x2c ./src/drv/i2c_drv.o
                0x0041b294                I2C_ReadGpioData
 .text.I2C_WriteGpioData
                0x0041b2c0       0x40 ./src/drv/i2c_drv.o
                0x0041b2c0                I2C_WriteGpioData
 .text.I2C_ISR  0x0041b300       0xc8 ./src/drv/i2c_drv.o
                0x0041b300                I2C_ISR
 .text.PIT32_Init
                0x0041b3c8       0x3c ./src/drv/pit32_drv.o
                0x0041b3c8                PIT32_Init
 .text.PIT32_ITConfig
                0x0041b404       0x40 ./src/drv/pit32_drv.o
                0x0041b404                PIT32_ITConfig
 .text.PIT_Init
                0x0041b444       0x40 ./src/drv/pit_drv.o
                0x0041b444                PIT_Init
 .text.PIT_ITConfig
                0x0041b484       0x40 ./src/drv/pit_drv.o
                0x0041b484                PIT_ITConfig
 .text.PWM_OutputInit
                0x0041b4c4      0x1d4 ./src/drv/pwm_drv.o
                0x0041b4c4                PWM_OutputInit
 .text.PWM_ISR  0x0041b698       0xc8 ./src/drv/pwm_drv.o
                0x0041b698                PWM_ISR
 .text.PWM_Stop
                0x0041b760       0x4c ./src/drv/pwm_drv.o
                0x0041b760                PWM_Stop
 .text.PWM_ConfigGpio
                0x0041b7ac       0x8c ./src/drv/pwm_drv.o
                0x0041b7ac                PWM_ConfigGpio
 .text.PWM_ReadGpioData
                0x0041b838       0x1c ./src/drv/pwm_drv.o
                0x0041b838                PWM_ReadGpioData
 .text.PWM_WriteGpioData
                0x0041b854       0x60 ./src/drv/pwm_drv.o
                0x0041b854                PWM_WriteGpioData
 .text.pwm_out  0x0041b8b4       0x20 ./src/drv/pwm_drv.o
                0x0041b8b4                pwm_out
 .text.soft_reset
                0x0041b8d4       0x14 ./src/drv/reset_drv.o
                0x0041b8d4                soft_reset
 .text.RTC_ISR  0x0041b8e8       0xf0 ./src/drv/rtc_drv.o
                0x0041b8e8                RTC_ISR
 .text.RTC_Init
                0x0041b9d8       0x50 ./src/drv/rtc_drv.o
                0x0041b9d8                RTC_Init
 .text.RTC_SetTime
                0x0041ba28       0x60 ./src/drv/rtc_drv.o
                0x0041ba28                RTC_SetTime
 .text.RTC_SetAlarm
                0x0041ba88       0xc0 ./src/drv/rtc_drv.o
                0x0041ba88                RTC_SetAlarm
 .text.RTC_GetTime
                0x0041bb48       0x28 ./src/drv/rtc_drv.o
                0x0041bb48                RTC_GetTime
 .text.SPI_Init
                0x0041bb70      0x134 ./src/drv/spi_drv.o
                0x0041bb70                SPI_Init
 .text.SPI_MasterSendData
                0x0041bca4       0x90 ./src/drv/spi_drv.o
                0x0041bca4                SPI_MasterSendData
 .text.SPI_MasterSend_RecvData
                0x0041bd34       0x88 ./src/drv/spi_drv.o
                0x0041bd34                SPI_MasterSend_RecvData
 .text.SPI_ConfigGpio
                0x0041bdbc       0x9c ./src/drv/spi_drv.o
                0x0041bdbc                SPI_ConfigGpio
 .text.SPI_ReadGpioData
                0x0041be58       0x54 ./src/drv/spi_drv.o
                0x0041be58                SPI_ReadGpioData
 .text.SPI_WriteGpioData
                0x0041beac       0x7c ./src/drv/spi_drv.o
                0x0041beac                SPI_WriteGpioData
 .text.TC_ISR   0x0041bf28       0x30 ./src/drv/tc_drv.o
                0x0041bf28                TC_ISR
 .text.TC_PWM_ISR
                0x0041bf58       0x24 ./src/drv/tc_drv.o
                0x0041bf58                TC_PWM_ISR
 .text.UART_ConfigGpio
                0x0041bf7c       0x28 ./src/drv/uart_drv.o
                0x0041bf7c                UART_ConfigGpio
 .text.UART_ReadGpioData
                0x0041bfa4        0xa ./src/drv/uart_drv.o
                0x0041bfa4                UART_ReadGpioData
 .text.UART_WriteGpioData
                0x0041bfae       0x1a ./src/drv/uart_drv.o
                0x0041bfae                UART_WriteGpioData
 .text.USI_ConfigGpio
                0x0041bfc8       0x58 ./src/drv/usi_drv.o
                0x0041bfc8                USI_ConfigGpio
 .text.USI_ReadGpioData
                0x0041c020       0x28 ./src/drv/usi_drv.o
                0x0041c020                USI_ReadGpioData
 .text.USI_WriteGpioData
                0x0041c048       0x3c ./src/drv/usi_drv.o
                0x0041c048                USI_WriteGpioData
 .text.WDT_Init
                0x0041c084       0x10 ./src/drv/wdt_drv.o
                0x0041c084                WDT_Init
 .text.WDT_FeedDog
                0x0041c094       0x18 ./src/drv/wdt_drv.o
                0x0041c094                WDT_FeedDog
 .text.WDT_Open
                0x0041c0ac       0x10 ./src/drv/wdt_drv.o
                0x0041c0ac                WDT_Open
 .text.WDT_Close
                0x0041c0bc       0x14 ./src/drv/wdt_drv.o
                0x0041c0bc                WDT_Close
 .text.free     0x0041c0d0       0x90 ./src/common/alloc.o
 .text.malloc   0x0041c160       0x94 ./src/common/alloc.o
 .text.malloc_free_count
                0x0041c1f4       0x44 ./src/common/alloc.o
                0x0041c1f4                malloc_free_count
 .text.malloc_used_count
                0x0041c238       0x64 ./src/common/alloc.o
                0x0041c238                malloc_used_count
 .text._k_malloc
                0x0041c29c       0x44 ./src/common/alloc.o
                0x0041c29c                _k_malloc
 .text._k_free  0x0041c2e0       0x14 ./src/common/alloc.o
                0x0041c2e0                _k_free
 .text.number   0x0041c2f4      0x168 ./src/common/debug.o
 .text.serial_putc_dev
                0x0041c45c       0x28 ./src/common/debug.o
 .text.cvt      0x0041c484      0x1ec ./src/common/debug.o
 .text.sprintf_d
                0x0041c670       0x8a ./src/common/debug.o
                0x0041c670                sprintf_d
 *fill*         0x0041c6fa        0x2 bebe
 .text.sprintf_x
                0x0041c6fc       0x30 ./src/common/debug.o
                0x0041c6fc                sprintf_x
 .text.ecvtbuf  0x0041c72c       0x14 ./src/common/debug.o
                0x0041c72c                ecvtbuf
 .text.fcvtbuf  0x0041c740       0x14 ./src/common/debug.o
                0x0041c740                fcvtbuf
 .text.vsprintf
                0x0041c754      0x8f0 ./src/common/debug.o
                0x0041c754                vsprintf
 .text.my_printf
                0x0041d044       0x64 ./src/common/debug.o
                0x0041d044                my_printf
 .text.printf_format
                0x0041d0a8       0x48 ./src/common/debug.o
                0x0041d0a8                printf_format
 .text.printf_format_16
                0x0041d0f0       0x40 ./src/common/debug.o
                0x0041d0f0                printf_format_16
 .text.sprintf  0x0041d130       0x20 ./src/common/debug.o
                0x0041d130                sprintf
 .text.assert_failed
                0x0041d150       0x18 ./src/common/debug.o
                0x0041d150                assert_failed
 .text.delayms  0x0041d168       0x24 ./src/common/delay.o
                0x0041d168                delayms
 .text.delayms_const
                0x0041d18c       0x28 ./src/common/delay.o
                0x0041d18c                delayms_const
 .text.delay    0x0041d1b4        0x2 ./src/common/delay.o
                0x0041d1b4                delay
 .text.Long2Byte
                0x0041d1b6       0x16 ./src/common/download.o
 .text.send_55aa_res
                0x0041d1cc       0x64 ./src/common/download.o
 .text.TMUverification
                0x0041d230      0x2a4 ./src/common/download.o
                0x0041d230                TMUverification
 .text.UsbDownloadHandle
                0x0041d4d4      0x9f4 ./src/common/download.o
                0x0041d4d4                UsbDownloadHandle
 .text.down_select_mode
                0x0041dec8       0xac ./src/common/download.o
                0x0041dec8                down_select_mode
 .text.DownloadTask
                0x0041df74       0x8c ./src/common/download.o
                0x0041df74                DownloadTask
 .text.download_init
                0x0041e000       0xe4 ./src/common/download.o
                0x0041e000                download_init
 .text.prase_com_cmd
                0x0041e0e4       0xc0 ./src/common/misc.o
 .text.GetBootRecoveryVer
                0x0041e1a4       0x60 ./src/common/misc.o
                0x0041e1a4                GetBootRecoveryVer
 .text.machine_code_init
                0x0041e204       0x3c ./src/common/misc.o
                0x0041e204                machine_code_init
 .text.download_machine_code
                0x0041e240       0xdc ./src/common/misc.o
                0x0041e240                download_machine_code
 .text.check_app
                0x0041e31c       0xd4 ./src/common/misc.o
                0x0041e31c                check_app
 .text.check_input_keyword
                0x0041e3f0       0xe8 ./src/common/misc.o
                0x0041e3f0                check_input_keyword
 .text.GetfileLocate
                0x0041e4d8       0x38 ./src/common/syscfg.o
 .text.replace_balacefile_data
                0x0041e510       0x24 ./src/common/syscfg.o
 .text.GetBalancefileOffset
                0x0041e534       0x9c ./src/common/syscfg.o
 .text.flash_kern_read_file_ext
                0x0041e5d0       0x7c ./src/common/syscfg.o
 .text.flash_kern_check_file_ext
                0x0041e64c       0x70 ./src/common/syscfg.o
 .text.flash_kern_write_file_ext
                0x0041e6bc      0x134 ./src/common/syscfg.o
 .text.flash_kern_write_balacefile_ext
                0x0041e7f0      0x48c ./src/common/syscfg.o
 .text.CheckContent
                0x0041ec7c       0x38 ./src/common/syscfg.o
                0x0041ec7c                CheckContent
 .text.flash_kern_read_file
                0x0041ecb4       0x50 ./src/common/syscfg.o
                0x0041ecb4                flash_kern_read_file
 .text.flash_kern_write_file
                0x0041ed04      0x140 ./src/common/syscfg.o
                0x0041ed04                flash_kern_write_file
 .text.dev_machineInfo_operation
                0x0041ee44       0xfc ./src/common/syscfg.o
 .text.dev_machineInfo_opt
                0x0041ef40       0xc8 ./src/common/syscfg.o
                0x0041ef40                dev_machineInfo_opt
 .text.ddi_write_client_info
                0x0041f008       0x24 ./src/common/syscfg.o
                0x0041f008                ddi_write_client_info
 .text.ddi_read_client_info
                0x0041f02c       0x44 ./src/common/syscfg.o
                0x0041f02c                ddi_read_client_info
 .text.flash_kern_del_file
                0x0041f070       0x70 ./src/common/syscfg.o
                0x0041f070                flash_kern_del_file
 .text.flash_vfs_tell_file
                0x0041f0e0       0x44 ./src/common/syscfg.o
                0x0041f0e0                flash_vfs_tell_file
 .text.flash_vfs_read_file
                0x0041f124       0x44 ./src/common/syscfg.o
                0x0041f124                flash_vfs_read_file
 .text.ddi_sys_langua
                0x0041f168       0xb0 ./src/common/syscfg.o
                0x0041f168                ddi_sys_langua
 .text.check_machine
                0x0041f218       0x84 ./src/common/update.o
                0x0041f218                check_machine
 .text.GetDirName
                0x0041f29c       0x78 ./src/common/update.o
                0x0041f29c                GetDirName
 .text.bios_fileauthen
                0x0041f314        0x4 ./src/common/update.o
                0x0041f314                bios_fileauthen
 .text.get_update_addr
                0x0041f318       0x54 ./src/common/update.o
                0x0041f318                get_update_addr
 .text.read_update_flag
                0x0041f36c       0x28 ./src/common/update.o
                0x0041f36c                read_update_flag
 .text.write_update_flag
                0x0041f394       0x68 ./src/common/update.o
                0x0041f394                write_update_flag
 .text.erase_update_flag
                0x0041f3fc       0x24 ./src/common/update.o
                0x0041f3fc                erase_update_flag
 .text.erase_update_area
                0x0041f420       0x14 ./src/common/update.o
                0x0041f420                erase_update_area
 .text.copy_update_data
                0x0041f434       0x70 ./src/common/update.o
                0x0041f434                copy_update_data
 .text.check_file_crc
                0x0041f4a4       0x60 ./src/common/update.o
                0x0041f4a4                check_file_crc
 .text.NOP      0x0041f504        0x2 ./src/ccore/AsmToC.o
                0x0041f504                NOP
 .text.mem_set  0x0041f506        0x2 ./src/ccore/Memory_API.o
                0x0041f506                mem_set
 .text.s_mem_set
                0x0041f508       0x12 ./src/ccore/Memory_API.o
                0x0041f508                s_mem_set
 *fill*         0x0041f51a        0x2 bebe
 .text.interrupt_setup
                0x0041f51c      0x110 ./src/ccore/interrupt.o
                0x0041f51c                interrupt_setup
 .text.interrupt_disable
                0x0041f62c       0x48 ./src/ccore/interrupt.o
                0x0041f62c                interrupt_disable
 .text          0x0041f674       0x4c ./src/ccore/interrupt_support.o
                0x0041f674                Read_PSR
                0x0041f678                Read_VBR
                0x0041f67c                Write_PSR
                0x0041f680                Write_VBR
                0x0041f684                Disable_Ints
                0x0041f68e                Enable_Ints
                0x0041f698                __memcpy
                0x0041f6ac                memcpy
 .text.DummyHandler
                0x0041f6c0        0x2 ./src/ccore/vector_rce.o
                0x0041f6c0                DummyHandler
 *fill*         0x0041f6c2        0x2 bebe
 .text.Misaligned_Access
                0x0041f6c4       0x1c ./src/ccore/vector_rce.o
                0x0041f6c4                Misaligned_Access
 .text.Access_Error
                0x0041f6e0       0x20 ./src/ccore/vector_rce.o
                0x0041f6e0                Access_Error
 .text.Illegal_Instrn
                0x0041f700       0x1c ./src/ccore/vector_rce.o
                0x0041f700                Illegal_Instrn
 .text.Breakpoint_Exception
                0x0041f71c       0x1c ./src/ccore/vector_rce.o
                0x0041f71c                Breakpoint_Exception
 .text.Unrecoverable_Error
                0x0041f738       0x1c ./src/ccore/vector_rce.o
                0x0041f738                Unrecoverable_Error
 .text.__main   0x0041f754       0x48 ./src/ccore/vector_rce.o
                0x0041f754                __main
 .text.ddi_sys_get_firmwarever
                0x0041f79c       0x90 ./src/api/dev_api.o
                0x0041f79c                ddi_sys_get_firmwarever
 .text.ddi_sys_sleep
                0x0041f82c       0x10 ./src/api/dev_api.o
                0x0041f82c                ddi_sys_sleep
 .text          0x0041f83c      0x2b0 D:\software_xqy\CCore_IDE/tool-chain/ccore-elf/lib/gcc/mcore-elf/4.6.0/c0_div\libgcc.a(_addsub_df.o)
                0x0041fa5a                __adddf3
                0x0041fa96                __subdf3
 .text          0x0041faec      0x258 D:\software_xqy\CCore_IDE/tool-chain/ccore-elf/lib/gcc/mcore-elf/4.6.0/c0_div\libgcc.a(_mul_df.o)
                0x0041faec                __muldf3
 .text          0x0041fd44      0x18c D:\software_xqy\CCore_IDE/tool-chain/ccore-elf/lib/gcc/mcore-elf/4.6.0/c0_div\libgcc.a(_div_df.o)
                0x0041fd44                __divdf3
 .text          0x0041fed0       0x48 D:\software_xqy\CCore_IDE/tool-chain/ccore-elf/lib/gcc/mcore-elf/4.6.0/c0_div\libgcc.a(_eq_df.o)
                0x0041fed0                __eqdf2
 .text          0x0041ff18       0x48 D:\software_xqy\CCore_IDE/tool-chain/ccore-elf/lib/gcc/mcore-elf/4.6.0/c0_div\libgcc.a(_ne_df.o)
                0x0041ff18                __nedf2
 .text          0x0041ff60       0x4c D:\software_xqy\CCore_IDE/tool-chain/ccore-elf/lib/gcc/mcore-elf/4.6.0/c0_div\libgcc.a(_gt_df.o)
                0x0041ff60                __gtdf2
 .text          0x0041ffac       0x48 D:\software_xqy\CCore_IDE/tool-chain/ccore-elf/lib/gcc/mcore-elf/4.6.0/c0_div\libgcc.a(_lt_df.o)
                0x0041ffac                __ltdf2
 .text          0x0041fff4       0x88 D:\software_xqy\CCore_IDE/tool-chain/ccore-elf/lib/gcc/mcore-elf/4.6.0/c0_div\libgcc.a(_si_to_df.o)
                0x0041fff4                __floatsidf
 .text          0x0042007c       0x7c D:\software_xqy\CCore_IDE/tool-chain/ccore-elf/lib/gcc/mcore-elf/4.6.0/c0_div\libgcc.a(_df_to_si.o)
                0x0042007c                __fixdfsi
 .text          0x004200f8       0x62 D:\software_xqy\CCore_IDE/tool-chain/ccore-elf/lib/gcc/mcore-elf/4.6.0/c0_div\libgcc.a(_muldi3.o)
                0x004200f8                __muldi3
 *fill*         0x0042015a        0x2 bebe
 .text          0x0042015c       0x4c D:\software_xqy\CCore_IDE/tool-chain/ccore-elf/lib/gcc/mcore-elf/4.6.0/c0_div\libgcc.a(_clzsi2.o)
                0x0042015c                __clzsi2
 .text          0x004201a8      0x1a4 D:\software_xqy\CCore_IDE/tool-chain/ccore-elf/lib/gcc/mcore-elf/4.6.0/c0_div\libgcc.a(_pack_df.o)
                0x004201a8                __pack_d
 .text          0x0042034c       0xd8 D:\software_xqy\CCore_IDE/tool-chain/ccore-elf/lib/gcc/mcore-elf/4.6.0/c0_div\libgcc.a(_unpack_df.o)
                0x0042034c                __unpack_d
 .text          0x00420424       0x96 D:\software_xqy\CCore_IDE/tool-chain/ccore-elf/lib/gcc/mcore-elf/4.6.0/c0_div\libgcc.a(_fpcmp_parts_df.o)
                0x00420424                __fpcmp_parts_d
 .text          0x004204ba       0x34 D:\software_xqy\CCore_IDE/tool-chain/ccore-elf/lib/gcc/mcore-elf/4.6.0/c0_div\libgcc.a(_lshrdi3.o)
                0x004204ba                __lshrdi3
 .text          0x004204ee       0x34 D:\software_xqy\CCore_IDE/tool-chain/ccore-elf/lib/gcc/mcore-elf/4.6.0/c0_div\libgcc.a(_ashldi3.o)